../Drivers/CMSIS/Include/core_cm4.h:2064:26:ITM_SendChar	16	static,ignoring_inline_asm
../Core/Src/main.c:63:5:_write	32	static
../Core/Src/main.c:77:6:arprint	24	static
../Core/Src/main.c:86:6:set_nucleo_baud	16	static
../Core/Src/main.c:103:9:bio_chksm	24	static
../Core/Src/main.c:113:6:set_servo_baud	24	static
../Core/Src/main.c:134:6:baud_set_loop	64	static
../Core/Src/main.c:143:6:set_servo_id	24	static
../Core/Src/main.c:164:6:move_servo	32	static
../Core/Src/main.c:187:6:set_servo_led	32	static
../Core/Src/main.c:231:5:main	16	static
../Core/Src/main.c:309:6:SystemClock_Config	88	static
../Core/Src/main.c:357:13:MX_UART4_Init	8	static
../Core/Src/main.c:390:13:MX_USART2_UART_Init	8	static
../Core/Src/main.c:423:13:MX_GPIO_Init	48	static
../Core/Src/main.c:463:6:Error_Handler	8	static,ignoring_inline_asm
