../Drivers/CMSIS/Include/core_cm4.h:2064:26:ITM_SendChar	16	static,ignoring_inline_asm
../Core/Src/main.c:63:5:_write	32	static
../Core/Src/main.c:77:6:set_nucleo_baud	16	static
../Core/Src/main.c:92:9:bio_chksm	24	static
../Core/Src/main.c:102:6:set_servo_baud	24	static
../Core/Src/main.c:123:6:baud_set_loop	64	static
../Core/Src/main.c:132:6:set_servo_id	24	static
../Core/Src/main.c:153:6:move_servo	24	static
../Core/Src/main.c:176:6:set_servo_led	32	static
../Core/Src/main.c:203:5:main	8	static
../Core/Src/main.c:270:6:SystemClock_Config	88	static
../Core/Src/main.c:318:13:MX_UART4_Init	8	static
../Core/Src/main.c:351:13:MX_USART2_UART_Init	8	static
../Core/Src/main.c:384:13:MX_GPIO_Init	48	static
../Core/Src/main.c:424:6:Error_Handler	8	static,ignoring_inline_asm
