Archive member included to satisfy reference by file (symbol)

c:/users/nicol/desktop/enseapp/stm32cubeide_1.8.0/stm32cubeide/plugins/com.st.stm32cube.ide.mcu.externaltools.gnu-tools-for-stm32.10.3-2021.10.win32_1.0.200.202301161003/tools/bin/../lib/gcc/arm-none-eabi/10.3.1/../../../../arm-none-eabi/lib/thumb/v7e-m+fp/hard\libc_nano.a(lib_a-errno.o)
                              ./Core/Src/syscalls.o (__errno)
c:/users/nicol/desktop/enseapp/stm32cubeide_1.8.0/stm32cubeide/plugins/com.st.stm32cube.ide.mcu.externaltools.gnu-tools-for-stm32.10.3-2021.10.win32_1.0.200.202301161003/tools/bin/../lib/gcc/arm-none-eabi/10.3.1/../../../../arm-none-eabi/lib/thumb/v7e-m+fp/hard\libc_nano.a(lib_a-exit.o)
                              c:/users/nicol/desktop/enseapp/stm32cubeide_1.8.0/stm32cubeide/plugins/com.st.stm32cube.ide.mcu.externaltools.gnu-tools-for-stm32.10.3-2021.10.win32_1.0.200.202301161003/tools/bin/../lib/gcc/arm-none-eabi/10.3.1/../../../../arm-none-eabi/lib/thumb/v7e-m+fp/hard/crt0.o (exit)
c:/users/nicol/desktop/enseapp/stm32cubeide_1.8.0/stm32cubeide/plugins/com.st.stm32cube.ide.mcu.externaltools.gnu-tools-for-stm32.10.3-2021.10.win32_1.0.200.202301161003/tools/bin/../lib/gcc/arm-none-eabi/10.3.1/../../../../arm-none-eabi/lib/thumb/v7e-m+fp/hard\libc_nano.a(lib_a-impure.o)
                              c:/users/nicol/desktop/enseapp/stm32cubeide_1.8.0/stm32cubeide/plugins/com.st.stm32cube.ide.mcu.externaltools.gnu-tools-for-stm32.10.3-2021.10.win32_1.0.200.202301161003/tools/bin/../lib/gcc/arm-none-eabi/10.3.1/../../../../arm-none-eabi/lib/thumb/v7e-m+fp/hard\libc_nano.a(lib_a-exit.o) (_global_impure_ptr)
c:/users/nicol/desktop/enseapp/stm32cubeide_1.8.0/stm32cubeide/plugins/com.st.stm32cube.ide.mcu.externaltools.gnu-tools-for-stm32.10.3-2021.10.win32_1.0.200.202301161003/tools/bin/../lib/gcc/arm-none-eabi/10.3.1/../../../../arm-none-eabi/lib/thumb/v7e-m+fp/hard\libc_nano.a(lib_a-init.o)
                              c:/users/nicol/desktop/enseapp/stm32cubeide_1.8.0/stm32cubeide/plugins/com.st.stm32cube.ide.mcu.externaltools.gnu-tools-for-stm32.10.3-2021.10.win32_1.0.200.202301161003/tools/bin/../lib/gcc/arm-none-eabi/10.3.1/../../../../arm-none-eabi/lib/thumb/v7e-m+fp/hard/crt0.o (__libc_init_array)
c:/users/nicol/desktop/enseapp/stm32cubeide_1.8.0/stm32cubeide/plugins/com.st.stm32cube.ide.mcu.externaltools.gnu-tools-for-stm32.10.3-2021.10.win32_1.0.200.202301161003/tools/bin/../lib/gcc/arm-none-eabi/10.3.1/../../../../arm-none-eabi/lib/thumb/v7e-m+fp/hard\libc_nano.a(lib_a-memcpy-stub.o)
                              ./Drivers/VL53L0X/core/src/vl53l0x_api_calibration.o (memcpy)
c:/users/nicol/desktop/enseapp/stm32cubeide_1.8.0/stm32cubeide/plugins/com.st.stm32cube.ide.mcu.externaltools.gnu-tools-for-stm32.10.3-2021.10.win32_1.0.200.202301161003/tools/bin/../lib/gcc/arm-none-eabi/10.3.1/../../../../arm-none-eabi/lib/thumb/v7e-m+fp/hard\libc_nano.a(lib_a-memset.o)
                              c:/users/nicol/desktop/enseapp/stm32cubeide_1.8.0/stm32cubeide/plugins/com.st.stm32cube.ide.mcu.externaltools.gnu-tools-for-stm32.10.3-2021.10.win32_1.0.200.202301161003/tools/bin/../lib/gcc/arm-none-eabi/10.3.1/../../../../arm-none-eabi/lib/thumb/v7e-m+fp/hard/crt0.o (memset)
c:/users/nicol/desktop/enseapp/stm32cubeide_1.8.0/stm32cubeide/plugins/com.st.stm32cube.ide.mcu.externaltools.gnu-tools-for-stm32.10.3-2021.10.win32_1.0.200.202301161003/tools/bin/../lib/gcc/arm-none-eabi/10.3.1/../../../../arm-none-eabi/lib/thumb/v7e-m+fp/hard\libc_nano.a(lib_a-printf.o)
                              ./Core/Src/main.o (printf)
c:/users/nicol/desktop/enseapp/stm32cubeide_1.8.0/stm32cubeide/plugins/com.st.stm32cube.ide.mcu.externaltools.gnu-tools-for-stm32.10.3-2021.10.win32_1.0.200.202301161003/tools/bin/../lib/gcc/arm-none-eabi/10.3.1/../../../../arm-none-eabi/lib/thumb/v7e-m+fp/hard\libc_nano.a(lib_a-strcpy.o)
                              ./Drivers/VL53L0X/core/src/vl53l0x_api_core.o (strcpy)
c:/users/nicol/desktop/enseapp/stm32cubeide_1.8.0/stm32cubeide/plugins/com.st.stm32cube.ide.mcu.externaltools.gnu-tools-for-stm32.10.3-2021.10.win32_1.0.200.202301161003/tools/bin/../lib/gcc/arm-none-eabi/10.3.1/../../../../arm-none-eabi/lib/thumb/v7e-m+fp/hard\libc_nano.a(lib_a-findfp.o)
                              c:/users/nicol/desktop/enseapp/stm32cubeide_1.8.0/stm32cubeide/plugins/com.st.stm32cube.ide.mcu.externaltools.gnu-tools-for-stm32.10.3-2021.10.win32_1.0.200.202301161003/tools/bin/../lib/gcc/arm-none-eabi/10.3.1/../../../../arm-none-eabi/lib/thumb/v7e-m+fp/hard\libc_nano.a(lib_a-printf.o) (__sinit)
c:/users/nicol/desktop/enseapp/stm32cubeide_1.8.0/stm32cubeide/plugins/com.st.stm32cube.ide.mcu.externaltools.gnu-tools-for-stm32.10.3-2021.10.win32_1.0.200.202301161003/tools/bin/../lib/gcc/arm-none-eabi/10.3.1/../../../../arm-none-eabi/lib/thumb/v7e-m+fp/hard\libc_nano.a(lib_a-fwalk.o)
[...]
Memory Configuration

Name             Origin             Length             Attributes
RAM              0x0000000020000000 0x0000000000020000 xrw
FLASH            0x0000000008000000 0x0000000000080000 xr
*default*        0x0000000000000000 0xffffffffffffffff

Linker script and memory map

LOAD c:/users/nicol/desktop/enseapp/stm32cubeide_1.8.0/stm32cubeide/plugins/com.st.stm32cube.ide.mcu.externaltools.gnu-tools-for-stm32.10.3-2021.10.win32_1.0.200.202301161003/tools/bin/../lib/gcc/arm-none-eabi/10.3.1/thumb/v7e-m+fp/hard/crti.o
LOAD c:/users/nicol/desktop/enseapp/stm32cubeide_1.8.0/stm32cubeide/plugins/com.st.stm32cube.ide.mcu.externaltools.gnu-tools-for-stm32.10.3-2021.10.win32_1.0.200.202301161003/tools/bin/../lib/gcc/arm-none-eabi/10.3.1/thumb/v7e-m+fp/hard/crtbegin.o
LOAD c:/users/nicol/desktop/enseapp/stm32cubeide_1.8.0/stm32cubeide/plugins/com.st.stm32cube.ide.mcu.externaltools.gnu-tools-for-stm32.10.3-2021.10.win32_1.0.200.202301161003/tools/bin/../lib/gcc/arm-none-eabi/10.3.1/../../../../arm-none-eabi/lib/thumb/v7e-m+fp/hard/crt0.o
LOAD ./Core/Src/main.o
LOAD ./Core/Src/stm32f4xx_hal_msp.o
LOAD ./Core/Src/stm32f4xx_it.o
LOAD ./Core/Src/syscalls.o
LOAD ./Core/Src/sysmem.o
LOAD ./Core/Src/system_stm32f4xx.o
LOAD ./Core/Src/tof.o
LOAD ./Core/Startup/startup_stm32f446retx.o
LOAD ./Drivers/STM32F4xx_HAL_Driver/Src/stm32f4xx_hal.o
LOAD ./Drivers/STM32F4xx_HAL_Driver/Src/stm32f4xx_hal_cortex.o
LOAD ./Drivers/STM32F4xx_HAL_Driver/Src/stm32f4xx_hal_dma.o
LOAD ./Drivers/STM32F4xx_HAL_Driver/Src/stm32f4xx_hal_dma_ex.o
LOAD ./Drivers/STM32F4xx_HAL_Driver/Src/stm32f4xx_hal_exti.o
LOAD ./Drivers/STM32F4xx_HAL_Driver/Src/stm32f4xx_hal_flash.o
LOAD ./Drivers/STM32F4xx_HAL_Driver/Src/stm32f4xx_hal_flash_ex.o
LOAD ./Drivers/STM32F4xx_HAL_Driver/Src/stm32f4xx_hal_flash_ramfunc.o
LOAD ./Drivers/STM32F4xx_HAL_Driver/Src/stm32f4xx_hal_gpio.o
LOAD ./Drivers/STM32F4xx_HAL_Driver/Src/stm32f4xx_hal_i2c.o
LOAD ./Drivers/STM32F4xx_HAL_Driver/Src/stm32f4xx_hal_i2c_ex.o
LOAD ./Drivers/STM32F4xx_HAL_Driver/Src/stm32f4xx_hal_pwr.o
LOAD ./Drivers/STM32F4xx_HAL_Driver/Src/stm32f4xx_hal_pwr_ex.o
LOAD ./Drivers/STM32F4xx_HAL_Driver/Src/stm32f4xx_hal_rcc.o
LOAD ./Drivers/STM32F4xx_HAL_Driver/Src/stm32f4xx_hal_rcc_ex.o
LOAD ./Drivers/VL53L0X/core/src/vl53l0x_api.o
LOAD ./Drivers/VL53L0X/core/src/vl53l0x_api_calibration.o
LOAD ./Drivers/VL53L0X/core/src/vl53l0x_api_core.o
LOAD ./Drivers/VL53L0X/core/src/vl53l0x_api_ranging.o
LOAD ./Drivers/VL53L0X/core/src/vl53l0x_api_strings.o
LOAD ./Drivers/VL53L0X/platform/src/vl53l0x_platform.o
LOAD ./Drivers/VL53L0X/platform/src/vl53l0x_platform_log.o
START GROUP
LOAD c:/users/nicol/desktop/enseapp/stm32cubeide_1.8.0/stm32cubeide/plugins/com.st.stm32cube.ide.mcu.externaltools.gnu-tools-for-stm32.10.3-2021.10.win32_1.0.200.202301161003/tools/bin/../lib/gcc/arm-none-eabi/10.3.1/../../../../arm-none-eabi/lib/thumb/v7e-m+fp/hard\libc_nano.a
LOAD c:/users/nicol/desktop/enseapp/stm32cubeide_1.8.0/stm32cubeide/plugins/com.st.stm32cube.ide.mcu.externaltools.gnu-tools-for-stm32.10.3-2021.10.win32_1.0.200.202301161003/tools/bin/../lib/gcc/arm-none-eabi/10.3.1/../../../../arm-none-eabi/lib/thumb/v7e-m+fp/hard\libm.a
END GROUP
START GROUP
LOAD c:/users/nicol/desktop/enseapp/stm32cubeide_1.8.0/stm32cubeide/plugins/com.st.stm32cube.ide.mcu.externaltools.gnu-tools-for-stm32.10.3-2021.10.win32_1.0.200.202301161003/tools/bin/../lib/gcc/arm-none-eabi/10.3.1/thumb/v7e-m+fp/hard\libgcc.a
LOAD c:/users/nicol/desktop/enseapp/stm32cubeide_1.8.0/stm32cubeide/plugins/com.st.stm32cube.ide.mcu.externaltools.gnu-tools-for-stm32.10.3-2021.10.win32_1.0.200.202301161003/tools/bin/../lib/gcc/arm-none-eabi/10.3.1/../../../../arm-none-eabi/lib/thumb/v7e-m+fp/hard\libc_nano.a
END GROUP
START GROUP
LOAD c:/users/nicol/desktop/enseapp/stm32cubeide_1.8.0/stm32cubeide/plugins/com.st.stm32cube.ide.mcu.externaltools.gnu-tools-for-stm32.10.3-2021.10.win32_1.0.200.202301161003/tools/bin/../lib/gcc/arm-none-eabi/10.3.1/thumb/v7e-m+fp/hard\libgcc.a
LOAD c:/users/nicol/desktop/enseapp/stm32cubeide_1.8.0/stm32cubeide/plugins/com.st.stm32cube.ide.mcu.externaltools.gnu-tools-for-stm32.10.3-2021.10.win32_1.0.200.202301161003/tools/bin/../lib/gcc/arm-none-eabi/10.3.1/../../../../arm-none-eabi/lib/thumb/v7e-m+fp/hard\libc_nano.a
LOAD c:/users/nicol/desktop/enseapp/stm32cubeide_1.8.0/stm32cubeide/plugins/com.st.stm32cube.ide.mcu.externaltools.gnu-tools-for-stm32.10.3-2021.10.win32_1.0.200.202301161003/tools/bin/../lib/gcc/arm-none-eabi/10.3.1/../../../../arm-none-eabi/lib/thumb/v7e-m+fp/hard\libnosys.a
END GROUP
START GROUP
LOAD c:/users/nicol/desktop/enseapp/stm32cubeide_1.8.0/stm32cubeide/plugins/com.st.stm32cube.ide.mcu.externaltools.gnu-tools-for-stm32.10.3-2021.10.win32_1.0.200.202301161003/tools/bin/../lib/gcc/arm-none-eabi/10.3.1/thumb/v7e-m+fp/hard\libgcc.a
LOAD c:/users/nicol/desktop/enseapp/stm32cubeide_1.8.0/stm32cubeide/plugins/com.st.stm32cube.ide.mcu.externaltools.gnu-tools-for-stm32.10.3-2021.10.win32_1.0.200.202301161003/tools/bin/../lib/gcc/arm-none-eabi/10.3.1/../../../../arm-none-eabi/lib/thumb/v7e-m+fp/hard\libc_nano.a
LOAD c:/users/nicol/desktop/enseapp/stm32cubeide_1.8.0/stm32cubeide/plugins/com.st.stm32cube.ide.mcu.externaltools.gnu-tools-for-stm32.10.3-2021.10.win32_1.0.200.202301161003/tools/bin/../lib/gcc/arm-none-eabi/10.3.1/../../../../arm-none-eabi/lib/thumb/v7e-m+fp/hard\libnosys.a
END GROUP
LOAD c:/users/nicol/desktop/enseapp/stm32cubeide_1.8.0/stm32cubeide/plugins/com.st.stm32cube.ide.mcu.externaltools.gnu-tools-for-stm32.10.3-2021.10.win32_1.0.200.202301161003/tools/bin/../lib/gcc/arm-none-eabi/10.3.1/thumb/v7e-m+fp/hard/crtend.o
LOAD c:/users/nicol/desktop/enseapp/stm32cubeide_1.8.0/stm32cubeide/plugins/com.st.stm32cube.ide.mcu.externaltools.gnu-tools-for-stm32.10.3-2021.10.win32_1.0.200.202301161003/tools/bin/../lib/gcc/arm-none-eabi/10.3.1/thumb/v7e-m+fp/hard/crtn.o
                0x0000000020020000                _estack = (ORIGIN (RAM) + LENGTH (RAM))
                0x0000000000000200                _Min_Heap_Size = 0x200
                0x0000000000000400                _Min_Stack_Size = 0x400

.isr_vector     0x0000000008000000      0x1c4
                0x0000000008000000                . = ALIGN (0x4)
 *(.isr_vector)
 .isr_vector    0x0000000008000000      0x1c4 ./Core/Startup/startup_stm32f446retx.o
                0x0000000008000000                g_pfnVectors
                0x00000000080001c4                . = ALIGN (0x4)

.text           0x00000000080001d0     0x8c84
                0x00000000080001d0                . = ALIGN (0x4)
 *(.text)
 .text          0x00000000080001d0       0x40 c:/users/nicol/desktop/enseapp/stm32cubeide_1.8.0/stm32cubeide/plugins/com.st.stm32cube.ide.mcu.externaltools.gnu-tools-for-stm32.10.3-2021.10.win32_1.0.200.202301161003/tools/bin/../lib/gcc/arm-none-eabi/10.3.1/thumb/v7e-m+fp/hard/crtbegin.o
 .text          0x0000000008000210       0xa0 c:/users/nicol/desktop/enseapp/stm32cubeide_1.8.0/stm32cubeide/plugins/com.st.stm32cube.ide.mcu.externaltools.gnu-tools-for-stm32.10.3-2021.10.win32_1.0.200.202301161003/tools/bin/../lib/gcc/arm-none-eabi/10.3.1/../../../../arm-none-eabi/lib/thumb/v7e-m+fp/hard\libc_nano.a(lib_a-memchr.o)
                0x0000000008000210                memchr
 .text          0x00000000080002b0       0x30 c:/users/nicol/desktop/enseapp/stm32cubeide_1.8.0/stm32cubeide/plugins/com.st.stm32cube.ide.mcu.externaltools.gnu-tools-for-stm32.10.3-2021.10.win32_1.0.200.202301161003/tools/bin/../lib/gcc/arm-none-eabi/10.3.1/thumb/v7e-m+fp/hard\libgcc.a(_aeabi_uldivmod.o)
                0x00000000080002b0                __aeabi_uldivmod
 .text          0x00000000080002e0      0x2d0 c:/users/nicol/desktop/enseapp/stm32cubeide_1.8.0/stm32cubeide/plugins/com.st.stm32cube.ide.mcu.externaltools.gnu-tools-for-stm32.10.3-2021.10.win32_1.0.200.202301161003/tools/bin/../lib/gcc/arm-none-eabi/10.3.1/thumb/v7e-m+fp/hard\libgcc.a(_udivmoddi4.o)
                0x00000000080002e0                __udivmoddi4
 .text          0x00000000080005b0        0x4 c:/users/nicol/desktop/enseapp/stm32cubeide_1.8.0/stm32cubeide/plugins/com.st.stm32cube.ide.mcu.externaltools.gnu-tools-for-stm32.10.3-2021.10.win32_1.0.200.202301161003/tools/bin/../lib/gcc/arm-none-eabi/10.3.1/thumb/v7e-m+fp/hard\libgcc.a(_dvmd_tls.o)
                0x00000000080005b0                __aeabi_idiv0
                0x00000000080005b0                __aeabi_ldiv0
 *(.text*)
 .text.main     0x00000000080005b4       0xac ./Core/Src/main.o
                0x00000000080005b4                main
 .text.SystemClock_Config
                0x0000000008000660       0xdc ./Core/Src/main.o
                0x0000000008000660                SystemClock_Config
 .text.MX_I2C1_Init
                0x000000000800073c       0x5c ./Core/Src/main.o
 .text.MX_GPIO_Init
                0x0000000008000798      0x140 ./Core/Src/main.o
 .text.Error_Handler
                0x00000000080008d8        0xa ./Core/Src/main.o
                0x00000000080008d8                Error_Handler
 *fill*         0x00000000080008e2        0x2 
 .text.HAL_MspInit
                0x00000000080008e4       0x50 ./Core/Src/stm32f4xx_hal_msp.o
                0x00000000080008e4                HAL_MspInit
 .text.HAL_I2C_MspInit
                0x0000000008000934       0x90 ./Core/Src/stm32f4xx_hal_msp.o
                0x0000000008000934                HAL_I2C_MspInit
 .text.NMI_Handler
                0x00000000080009c4        0x6 ./Core/Src/stm32f4xx_it.o
                0x00000000080009c4                NMI_Handler
 .text.HardFault_Handler
                0x00000000080009ca        0x6 ./Core/Src/stm32f4xx_it.o
                0x00000000080009ca                HardFault_Handler
 .text.MemManage_Handler
                0x00000000080009d0        0x6 ./Core/Src/stm32f4xx_it.o
                0x00000000080009d0                MemManage_Handler
 .text.BusFault_Handler
                0x00000000080009d6        0x6 ./Core/Src/stm32f4xx_it.o
                0x00000000080009d6                BusFault_Handler
 .text.UsageFault_Handler
                0x00000000080009dc        0x6 ./Core/Src/stm32f4xx_it.o
                0x00000000080009dc                UsageFault_Handler
 .text.SVC_Handler
                0x00000000080009e2        0xe ./Core/Src/stm32f4xx_it.o
                0x00000000080009e2                SVC_Handler
 .text.DebugMon_Handler
                0x00000000080009f0        0xe ./Core/Src/stm32f4xx_it.o
                0x00000000080009f0                DebugMon_Handler
 .text.PendSV_Handler
                0x00000000080009fe        0xe ./Core/Src/stm32f4xx_it.o
                0x00000000080009fe                PendSV_Handler
 .text.SysTick_Handler
                0x0000000008000a0c        0xc ./Core/Src/stm32f4xx_it.o
                0x0000000008000a0c                SysTick_Handler
 .text._read    0x0000000008000a18       0x3a ./Core/Src/syscalls.o
                0x0000000008000a18                _read
 .text._write   0x0000000008000a52       0x38 ./Core/Src/syscalls.o
                0x0000000008000a52                _write
 .text._close   0x0000000008000a8a       0x18 ./Core/Src/syscalls.o
                0x0000000008000a8a                _close
 .text._fstat   0x0000000008000aa2       0x20 ./Core/Src/syscalls.o
                0x0000000008000aa2                _fstat
 .text._isatty  0x0000000008000ac2       0x16 ./Core/Src/syscalls.o
                0x0000000008000ac2                _isatty
 .text._lseek   0x0000000008000ad8       0x1a ./Core/Src/syscalls.o
                0x0000000008000ad8                _lseek
 *fill*         0x0000000008000af2        0x2 
 .text._sbrk    0x0000000008000af4       0x6c ./Core/Src/sysmem.o
                0x0000000008000af4                _sbrk
 .text.SystemInit
                0x0000000008000b60       0x24 ./Core/Src/system_stm32f4xx.o
                0x0000000008000b60                SystemInit
 .text.TOF1_VL53L0X_Init_Single
                0x0000000008000b84       0xe8 ./Core/Src/tof.o
                0x0000000008000b84                TOF1_VL53L0X_Init_Single
 .text.TOFX_VL53L0X_LongRangeSettings
                0x0000000008000c6c       0xaa ./Core/Src/tof.o
                0x0000000008000c6c                TOFX_VL53L0X_LongRangeSettings
 *fill*         0x0000000008000d16        0x2 
 .text.Reset_Handler
                0x0000000008000d18       0x50 ./Core/Startup/startup_stm32f446retx.o
                0x0000000008000d18                Reset_Handler
 .text.Default_Handler
                0x0000000008000d68        0x2 ./Core/Startup/startup_stm32f446retx.o
                0x0000000008000d68                RTC_Alarm_IRQHandler
                0x0000000008000d68                EXTI2_IRQHandler
                0x0000000008000d68                TIM8_CC_IRQHandler
                0x0000000008000d68                FMPI2C1_EV_IRQHandler
                0x0000000008000d68                SPI4_IRQHandler
                0x0000000008000d68                TIM1_CC_IRQHandler
                0x0000000008000d68                DMA2_Stream5_IRQHandler
                0x0000000008000d68                DMA1_Stream5_IRQHandler
                0x0000000008000d68                PVD_IRQHandler
                0x0000000008000d68                SDIO_IRQHandler
                0x0000000008000d68                TAMP_STAMP_IRQHandler
                0x0000000008000d68                CAN2_RX1_IRQHandler
                0x0000000008000d68                EXTI3_IRQHandler
                0x0000000008000d68                TIM8_TRG_COM_TIM14_IRQHandler
                0x0000000008000d68                TIM1_UP_TIM10_IRQHandler
                0x0000000008000d68                TIM8_UP_TIM13_IRQHandler
                0x0000000008000d68                I2C3_ER_IRQHandler
                0x0000000008000d68                EXTI0_IRQHandler
                0x0000000008000d68                I2C2_EV_IRQHandler
                0x0000000008000d68                DMA1_Stream2_IRQHandler
                0x0000000008000d68                CAN1_RX0_IRQHandler
                0x0000000008000d68                FPU_IRQHandler
                0x0000000008000d68                OTG_HS_WKUP_IRQHandler
                0x0000000008000d68                CAN2_SCE_IRQHandler
                0x0000000008000d68                DMA2_Stream2_IRQHandler
                0x0000000008000d68                SPI1_IRQHandler
                0x0000000008000d68                TIM6_DAC_IRQHandler
                0x0000000008000d68                TIM1_BRK_TIM9_IRQHandler
                0x0000000008000d68                DCMI_IRQHandler
                0x0000000008000d68                CAN2_RX0_IRQHandler
                0x0000000008000d68                DMA2_Stream3_IRQHandler
                0x0000000008000d68                SAI2_IRQHandler
                0x0000000008000d68                USART6_IRQHandler
                0x0000000008000d68                USART3_IRQHandler
                0x0000000008000d68                CAN1_RX1_IRQHandler
                0x0000000008000d68                UART5_IRQHandler
                0x0000000008000d68                DMA2_Stream0_IRQHandler
                0x0000000008000d68                TIM4_IRQHandler
                0x0000000008000d68                QUADSPI_IRQHandler
                0x0000000008000d68                I2C1_EV_IRQHandler
                0x0000000008000d68                DMA1_Stream6_IRQHandler
                0x0000000008000d68                DMA1_Stream1_IRQHandler
                0x0000000008000d68                UART4_IRQHandler
                0x0000000008000d68                TIM3_IRQHandler
                0x0000000008000d68                RCC_IRQHandler
                0x0000000008000d68                TIM8_BRK_TIM12_IRQHandler
                0x0000000008000d68                Default_Handler
                0x0000000008000d68                CEC_IRQHandler
                0x0000000008000d68                EXTI15_10_IRQHandler
                0x0000000008000d68                ADC_IRQHandler
                0x0000000008000d68                DMA1_Stream7_IRQHandler
                0x0000000008000d68                TIM7_IRQHandler
                0x0000000008000d68                CAN2_TX_IRQHandler
                0x0000000008000d68                TIM5_IRQHandler
                0x0000000008000d68                DMA2_Stream7_IRQHandler
                0x0000000008000d68                I2C3_EV_IRQHandler
                0x0000000008000d68                EXTI9_5_IRQHandler
                0x0000000008000d68                RTC_WKUP_IRQHandler
                0x0000000008000d68                SPDIF_RX_IRQHandler
                0x0000000008000d68                SPI2_IRQHandler
                0x0000000008000d68                OTG_HS_EP1_IN_IRQHandler
                0x0000000008000d68                DMA1_Stream0_IRQHandler
                0x0000000008000d68                CAN1_TX_IRQHandler
                0x0000000008000d68                FMPI2C1_ER_IRQHandler
                0x0000000008000d68                EXTI4_IRQHandler
                0x0000000008000d68                OTG_HS_EP1_OUT_IRQHandler
                0x0000000008000d68                WWDG_IRQHandler
                0x0000000008000d68                TIM2_IRQHandler
                0x0000000008000d68                OTG_FS_WKUP_IRQHandler
                0x0000000008000d68                TIM1_TRG_COM_TIM11_IRQHandler
                0x0000000008000d68                OTG_HS_IRQHandler
                0x0000000008000d68                EXTI1_IRQHandler
                0x0000000008000d68                USART2_IRQHandler
                0x0000000008000d68                I2C2_ER_IRQHandler
                0x0000000008000d68                DMA2_Stream1_IRQHandler
                0x0000000008000d68                CAN1_SCE_IRQHandler
                0x0000000008000d68                FLASH_IRQHandler
                0x0000000008000d68                DMA2_Stream4_IRQHandler
                0x0000000008000d68                USART1_IRQHandler
                0x0000000008000d68                OTG_FS_IRQHandler
                0x0000000008000d68                SPI3_IRQHandler
                0x0000000008000d68                DMA1_Stream4_IRQHandler
                0x0000000008000d68                I2C1_ER_IRQHandler
                0x0000000008000d68                FMC_IRQHandler
                0x0000000008000d68                DMA2_Stream6_IRQHandler
                0x0000000008000d68                SAI1_IRQHandler
                0x0000000008000d68                DMA1_Stream3_IRQHandler
 *fill*         0x0000000008000d6a        0x2 
 .text.HAL_Init
                0x0000000008000d6c       0x44 ./Drivers/STM32F4xx_HAL_Driver/Src/stm32f4xx_hal.o
                0x0000000008000d6c                HAL_Init
 .text.HAL_InitTick
                0x0000000008000db0       0x60 ./Drivers/STM32F4xx_HAL_Driver/Src/stm32f4xx_hal.o
                0x0000000008000db0                HAL_InitTick
 .text.HAL_IncTick
                0x0000000008000e10       0x28 ./Drivers/STM32F4xx_HAL_Driver/Src/stm32f4xx_hal.o
                0x0000000008000e10                HAL_IncTick
 .text.HAL_GetTick
                0x0000000008000e38       0x18 ./Drivers/STM32F4xx_HAL_Driver/Src/stm32f4xx_hal.o
                0x0000000008000e38                HAL_GetTick
 .text.HAL_Delay
                0x0000000008000e50       0x48 ./Drivers/STM32F4xx_HAL_Driver/Src/stm32f4xx_hal.o
                0x0000000008000e50                HAL_Delay
 .text.__NVIC_SetPriorityGrouping
                0x0000000008000e98       0x48 ./Drivers/STM32F4xx_HAL_Driver/Src/stm32f4xx_hal_cortex.o
 .text.__NVIC_GetPriorityGrouping
                0x0000000008000ee0       0x1c ./Drivers/STM32F4xx_HAL_Driver/Src/stm32f4xx_hal_cortex.o
 .text.__NVIC_SetPriority
                0x0000000008000efc       0x54 ./Drivers/STM32F4xx_HAL_Driver/Src/stm32f4xx_hal_cortex.o
 .text.NVIC_EncodePriority
                0x0000000008000f50       0x66 ./Drivers/STM32F4xx_HAL_Driver/Src/stm32f4xx_hal_cortex.o
 *fill*         0x0000000008000fb6        0x2 
 .text.SysTick_Config
                0x0000000008000fb8       0x44 ./Drivers/STM32F4xx_HAL_Driver/Src/stm32f4xx_hal_cortex.o
 .text.HAL_NVIC_SetPriorityGrouping
                0x0000000008000ffc       0x16 ./Drivers/STM32F4xx_HAL_Driver/Src/stm32f4xx_hal_cortex.o
                0x0000000008000ffc                HAL_NVIC_SetPriorityGrouping
 .text.HAL_NVIC_SetPriority
                0x0000000008001012       0x38 ./Drivers/STM32F4xx_HAL_Driver/Src/stm32f4xx_hal_cortex.o
                0x0000000008001012                HAL_NVIC_SetPriority
 .text.HAL_SYSTICK_Config
                0x000000000800104a       0x18 ./Drivers/STM32F4xx_HAL_Driver/Src/stm32f4xx_hal_cortex.o
                0x000000000800104a                HAL_SYSTICK_Config
 *fill*         0x0000000008001062        0x2 
 .text.HAL_GPIO_Init
                0x0000000008001064      0x328 ./Drivers/STM32F4xx_HAL_Driver/Src/stm32f4xx_hal_gpio.o
                0x0000000008001064                HAL_GPIO_Init
 .text.HAL_GPIO_WritePin
                0x000000000800138c       0x32 ./Drivers/STM32F4xx_HAL_Driver/Src/stm32f4xx_hal_gpio.o
                0x000000000800138c                HAL_GPIO_WritePin
 *fill*         0x00000000080013be        0x2 
 .text.HAL_I2C_Init
                0x00000000080013c0      0x288 ./Drivers/STM32F4xx_HAL_Driver/Src/stm32f4xx_hal_i2c.o
                0x00000000080013c0                HAL_I2C_Init
 .text.HAL_I2C_Master_Transmit
                0x0000000008001648      0x1fc ./Drivers/STM32F4xx_HAL_Driver/Src/stm32f4xx_hal_i2c.o
                0x0000000008001648                HAL_I2C_Master_Transmit
 .text.HAL_I2C_Master_Receive
                0x0000000008001844      0x44c ./Drivers/STM32F4xx_HAL_Driver/Src/stm32f4xx_hal_i2c.o
                0x0000000008001844                HAL_I2C_Master_Receive
 .text.I2C_MasterRequestWrite
                0x0000000008001c90      0x104 ./Drivers/STM32F4xx_HAL_Driver/Src/stm32f4xx_hal_i2c.o
 .text.I2C_MasterRequestRead
                0x0000000008001d94      0x19c ./Drivers/STM32F4xx_HAL_Driver/Src/stm32f4xx_hal_i2c.o
 .text.I2C_WaitOnFlagUntilTimeout
                0x0000000008001f30       0xae ./Drivers/STM32F4xx_HAL_Driver/Src/stm32f4xx_hal_i2c.o
 .text.I2C_WaitOnMasterAddressFlagUntilTimeout
                0x0000000008001fde       0xfe ./Drivers/STM32F4xx_HAL_Driver/Src/stm32f4xx_hal_i2c.o
 .text.I2C_WaitOnTXEFlagUntilTimeout
                0x00000000080020dc       0x82 ./Drivers/STM32F4xx_HAL_Driver/Src/stm32f4xx_hal_i2c.o
 .text.I2C_WaitOnBTFFlagUntilTimeout
                0x000000000800215e       0x82 ./Drivers/STM32F4xx_HAL_Driver/Src/stm32f4xx_hal_i2c.o
 .text.I2C_WaitOnRXNEFlagUntilTimeout
                0x00000000080021e0       0xac ./Drivers/STM32F4xx_HAL_Driver/Src/stm32f4xx_hal_i2c.o
 .text.I2C_IsAcknowledgeFailed
                0x000000000800228c       0x5e ./Drivers/STM32F4xx_HAL_Driver/Src/stm32f4xx_hal_i2c.o
 *fill*         0x00000000080022ea        0x2 
 .text.HAL_RCC_ClockConfig
                0x00000000080022ec      0x1cc ./Drivers/STM32F4xx_HAL_Driver/Src/stm32f4xx_hal_rcc.o
                0x00000000080022ec                HAL_RCC_ClockConfig
 .text.HAL_RCC_GetHCLKFreq
                0x00000000080024b8       0x18 ./Drivers/STM32F4xx_HAL_Driver/Src/stm32f4xx_hal_rcc.o
                0x00000000080024b8                HAL_RCC_GetHCLKFreq
 .text.HAL_RCC_GetPCLK1Freq
                0x00000000080024d0       0x28 ./Drivers/STM32F4xx_HAL_Driver/Src/stm32f4xx_hal_rcc.o
                0x00000000080024d0                HAL_RCC_GetPCLK1Freq
 .text.HAL_RCC_GetSysClockFreq
                0x00000000080024f8      0x460 ./Drivers/STM32F4xx_HAL_Driver/Src/stm32f4xx_hal_rcc_ex.o
                0x00000000080024f8                HAL_RCC_GetSysClockFreq
 .text.HAL_RCC_OscConfig
                0x0000000008002958      0x53c ./Drivers/STM32F4xx_HAL_Driver/Src/stm32f4xx_hal_rcc_ex.o
                0x0000000008002958                HAL_RCC_OscConfig
 .text.VL53L0X_GetOffsetCalibrationDataMicroMeter
                0x0000000008002e94       0x26 ./Drivers/VL53L0X/core/src/vl53l0x_api.o
                0x0000000008002e94                VL53L0X_GetOffsetCalibrationDataMicroMeter
 *fill*         0x0000000008002eba        0x2 
 .text.VL53L0X_DataInit
                0x0000000008002ebc      0x2c8 ./Drivers/VL53L0X/core/src/vl53l0x_api.o
                0x0000000008002ebc                VL53L0X_DataInit
 .text.VL53L0X_StaticInit
                0x0000000008003184      0x304 ./Drivers/VL53L0X/core/src/vl53l0x_api.o
                0x0000000008003184                VL53L0X_StaticInit
 .text.VL53L0X_WaitDeviceBooted
                0x0000000008003488       0x1c ./Drivers/VL53L0X/core/src/vl53l0x_api.o
                0x0000000008003488                VL53L0X_WaitDeviceBooted
 .text.VL53L0X_GetDeviceParameters
                0x00000000080034a4      0x120 ./Drivers/VL53L0X/core/src/vl53l0x_api.o
                0x00000000080034a4                VL53L0X_GetDeviceParameters
 .text.VL53L0X_SetDeviceMode
                0x00000000080035c4       0x58 ./Drivers/VL53L0X/core/src/vl53l0x_api.o
                0x00000000080035c4                VL53L0X_SetDeviceMode
 .text.VL53L0X_GetDeviceMode
                0x000000000800361c       0x26 ./Drivers/VL53L0X/core/src/vl53l0x_api.o
                0x000000000800361c                VL53L0X_GetDeviceMode
 .text.VL53L0X_GetFractionEnable
                0x0000000008003642       0x3e ./Drivers/VL53L0X/core/src/vl53l0x_api.o
                0x0000000008003642                VL53L0X_GetFractionEnable
 .text.VL53L0X_SetMeasurementTimingBudgetMicroSeconds
                0x0000000008003680       0x26 ./Drivers/VL53L0X/core/src/vl53l0x_api.o
                0x0000000008003680                VL53L0X_SetMeasurementTimingBudgetMicroSeconds
 .text.VL53L0X_GetMeasurementTimingBudgetMicroSeconds
                0x00000000080036a6       0x26 ./Drivers/VL53L0X/core/src/vl53l0x_api.o
                0x00000000080036a6                VL53L0X_GetMeasurementTimingBudgetMicroSeconds
 .text.VL53L0X_SetVcselPulsePeriod
                0x00000000080036cc       0x30 ./Drivers/VL53L0X/core/src/vl53l0x_api.o
                0x00000000080036cc                VL53L0X_SetVcselPulsePeriod
 .text.VL53L0X_GetVcselPulsePeriod
                0x00000000080036fc       0x2e ./Drivers/VL53L0X/core/src/vl53l0x_api.o
                0x00000000080036fc                VL53L0X_GetVcselPulsePeriod
 *fill*         0x000000000800372a        0x2 
 .text.VL53L0X_SetSequenceStepEnable
                0x000000000800372c      0x144 ./Drivers/VL53L0X/core/src/vl53l0x_api.o
                0x000000000800372c                VL53L0X_SetSequenceStepEnable
 .text.sequence_step_enabled
                0x0000000008003870       0xa4 ./Drivers/VL53L0X/core/src/vl53l0x_api.o
                0x0000000008003870                sequence_step_enabled
 .text.VL53L0X_GetSequenceStepEnables
                0x0000000008003914       0xb0 ./Drivers/VL53L0X/core/src/vl53l0x_api.o
                0x0000000008003914                VL53L0X_GetSequenceStepEnables
 .text.VL53L0X_GetInterMeasurementPeriodMilliSeconds
                0x00000000080039c4       0x68 ./Drivers/VL53L0X/core/src/vl53l0x_api.o
                0x00000000080039c4                VL53L0X_GetInterMeasurementPeriodMilliSeconds
 .text.VL53L0X_GetXTalkCompensationEnable
                0x0000000008003a2c       0x2a ./Drivers/VL53L0X/core/src/vl53l0x_api.o
                0x0000000008003a2c                VL53L0X_GetXTalkCompensationEnable
 .text.VL53L0X_GetXTalkCompensationRateMegaCps
                0x0000000008003a56       0x66 ./Drivers/VL53L0X/core/src/vl53l0x_api.o
                0x0000000008003a56                VL53L0X_GetXTalkCompensationRateMegaCps
 .text.VL53L0X_SetLimitCheckEnable
                0x0000000008003abc      0x118 ./Drivers/VL53L0X/core/src/vl53l0x_api.o
                0x0000000008003abc                VL53L0X_SetLimitCheckEnable
 .text.VL53L0X_GetLimitCheckEnable
                0x0000000008003bd4       0x46 ./Drivers/VL53L0X/core/src/vl53l0x_api.o
                0x0000000008003bd4                VL53L0X_GetLimitCheckEnable
 *fill*         0x0000000008003c1a        0x2 
 .text.VL53L0X_SetLimitCheckValue
                0x0000000008003c1c       0xc4 ./Drivers/VL53L0X/core/src/vl53l0x_api.o
                0x0000000008003c1c                VL53L0X_SetLimitCheckValue
 .text.VL53L0X_GetLimitCheckValue
                0x0000000008003ce0      0x11c ./Drivers/VL53L0X/core/src/vl53l0x_api.o
                0x0000000008003ce0                VL53L0X_GetLimitCheckValue
 .text.VL53L0X_GetWrapAroundCheckEnable
                0x0000000008003dfc       0x64 ./Drivers/VL53L0X/core/src/vl53l0x_api.o
                0x0000000008003dfc                VL53L0X_GetWrapAroundCheckEnable
 .text.VL53L0X_PerformSingleMeasurement
                0x0000000008003e60       0x68 ./Drivers/VL53L0X/core/src/vl53l0x_api.o
                0x0000000008003e60                VL53L0X_PerformSingleMeasurement
 .text.VL53L0X_PerformRefCalibration
                0x0000000008003ec8       0x2c ./Drivers/VL53L0X/core/src/vl53l0x_api.o
                0x0000000008003ec8                VL53L0X_PerformRefCalibration
 .text.VL53L0X_CheckAndLoadInterruptSettings
                0x0000000008003ef4       0xcc ./Drivers/VL53L0X/core/src/vl53l0x_api.o
                0x0000000008003ef4                VL53L0X_CheckAndLoadInterruptSettings
 .text.VL53L0X_StartMeasurement
                0x0000000008003fc0      0x184 ./Drivers/VL53L0X/core/src/vl53l0x_api.o
                0x0000000008003fc0                VL53L0X_StartMeasurement
 .text.VL53L0X_GetMeasurementDataReady
                0x0000000008004144       0x80 ./Drivers/VL53L0X/core/src/vl53l0x_api.o
                0x0000000008004144                VL53L0X_GetMeasurementDataReady
 .text.VL53L0X_GetRangingMeasurementData
                0x00000000080041c4      0x248 ./Drivers/VL53L0X/core/src/vl53l0x_api.o
                0x00000000080041c4                VL53L0X_GetRangingMeasurementData
 .text.VL53L0X_PerformSingleRangingMeasurement
                0x000000000800440c       0x60 ./Drivers/VL53L0X/core/src/vl53l0x_api.o
                0x000000000800440c                VL53L0X_PerformSingleRangingMeasurement
 .text.VL53L0X_SetGpioConfig
                0x000000000800446c      0x248 ./Drivers/VL53L0X/core/src/vl53l0x_api.o
                0x000000000800446c                VL53L0X_SetGpioConfig
 .text.VL53L0X_GetInterruptThresholds
                0x00000000080046b4       0x6c ./Drivers/VL53L0X/core/src/vl53l0x_api.o
                0x00000000080046b4                VL53L0X_GetInterruptThresholds
 .text.VL53L0X_ClearInterruptMask
                0x0000000008004720       0x80 ./Drivers/VL53L0X/core/src/vl53l0x_api.o
                0x0000000008004720                VL53L0X_ClearInterruptMask
 .text.VL53L0X_GetInterruptMaskStatus
                0x00000000080047a0       0x44 ./Drivers/VL53L0X/core/src/vl53l0x_api.o
                0x00000000080047a0                VL53L0X_GetInterruptMaskStatus
 .text.VL53L0X_PerformRefSpadManagement
                0x00000000080047e4       0x2a ./Drivers/VL53L0X/core/src/vl53l0x_api.o
                0x00000000080047e4                VL53L0X_PerformRefSpadManagement
 .text.VL53L0X_get_offset_calibration_data_micro_meter
                0x000000000800480e       0x7e ./Drivers/VL53L0X/core/src/vl53l0x_api_calibration.o
                0x000000000800480e                VL53L0X_get_offset_calibration_data_micro_meter
 .text.get_next_good_spad
                0x000000000800488c       0xbc ./Drivers/VL53L0X/core/src/vl53l0x_api_calibration.o
                0x000000000800488c                get_next_good_spad
 .text.is_aperture
                0x0000000008004948       0x34 ./Drivers/VL53L0X/core/src/vl53l0x_api_calibration.o
                0x0000000008004948                is_aperture
 .text.enable_spad_bit
                0x000000000800497c       0x70 ./Drivers/VL53L0X/core/src/vl53l0x_api_calibration.o
                0x000000000800497c                enable_spad_bit
 .text.set_ref_spad_map
                0x00000000080049ec       0x26 ./Drivers/VL53L0X/core/src/vl53l0x_api_calibration.o
                0x00000000080049ec                set_ref_spad_map
 .text.get_ref_spad_map
                0x0000000008004a12       0x26 ./Drivers/VL53L0X/core/src/vl53l0x_api_calibration.o
                0x0000000008004a12                get_ref_spad_map
 .text.enable_ref_spads
                0x0000000008004a38       0xf8 ./Drivers/VL53L0X/core/src/vl53l0x_api_calibration.o
                0x0000000008004a38                enable_ref_spads
 .text.perform_ref_signal_measurement
                0x0000000008004b30       0xd4 ./Drivers/VL53L0X/core/src/vl53l0x_api_calibration.o
                0x0000000008004b30                perform_ref_signal_measurement
 .text.VL53L0X_perform_ref_spad_management
                0x0000000008004c04      0x418 ./Drivers/VL53L0X/core/src/vl53l0x_api_calibration.o
                0x0000000008004c04                VL53L0X_perform_ref_spad_management
 .text.VL53L0X_set_reference_spads
                0x000000000800501c      0x14a ./Drivers/VL53L0X/core/src/vl53l0x_api_calibration.o
                0x000000000800501c                VL53L0X_set_reference_spads
 .text.VL53L0X_perform_single_ref_calibration
                0x0000000008005166       0x76 ./Drivers/VL53L0X/core/src/vl53l0x_api_calibration.o
                0x0000000008005166                VL53L0X_perform_single_ref_calibration
 .text.VL53L0X_ref_calibration_io
                0x00000000080051dc      0x132 ./Drivers/VL53L0X/core/src/vl53l0x_api_calibration.o
                0x00000000080051dc                VL53L0X_ref_calibration_io
 .text.VL53L0X_perform_vhv_calibration
                0x000000000800530e       0xce ./Drivers/VL53L0X/core/src/vl53l0x_api_calibration.o
                0x000000000800530e                VL53L0X_perform_vhv_calibration
 .text.VL53L0X_perform_phase_calibration
                0x00000000080053dc       0xca ./Drivers/VL53L0X/core/src/vl53l0x_api_calibration.o
                0x00000000080053dc                VL53L0X_perform_phase_calibration
 .text.VL53L0X_perform_ref_calibration
                0x00000000080054a6       0x7a ./Drivers/VL53L0X/core/src/vl53l0x_api_calibration.o
                0x00000000080054a6                VL53L0X_perform_ref_calibration
 .text.VL53L0X_measurement_poll_for_completion
                0x0000000008005520       0x60 ./Drivers/VL53L0X/core/src/vl53l0x_api_core.o
                0x0000000008005520                VL53L0X_measurement_poll_for_completion
 .text.VL53L0X_decode_vcsel_period
                0x0000000008005580       0x26 ./Drivers/VL53L0X/core/src/vl53l0x_api_core.o
                0x0000000008005580                VL53L0X_decode_vcsel_period
 .text.VL53L0X_encode_vcsel_period
                0x00000000080055a6       0x26 ./Drivers/VL53L0X/core/src/vl53l0x_api_core.o
                0x00000000080055a6                VL53L0X_encode_vcsel_period
 .text.VL53L0X_isqrt
                0x00000000080055cc       0x68 ./Drivers/VL53L0X/core/src/vl53l0x_api_core.o
                0x00000000080055cc                VL53L0X_isqrt
 .text.VL53L0X_device_read_strobe
                0x0000000008005634       0x86 ./Drivers/VL53L0X/core/src/vl53l0x_api_core.o
                0x0000000008005634                VL53L0X_device_read_strobe
 .text.VL53L0X_get_info_from_device
                0x00000000080056ba      0x99a ./Drivers/VL53L0X/core/src/vl53l0x_api_core.o
                0x00000000080056ba                VL53L0X_get_info_from_device
 .text.VL53L0X_calc_macro_period_ps
                0x0000000008006054       0x3c ./Drivers/VL53L0X/core/src/vl53l0x_api_core.o
                0x0000000008006054                VL53L0X_calc_macro_period_ps
 .text.VL53L0X_encode_timeout
                0x0000000008006090       0x58 ./Drivers/VL53L0X/core/src/vl53l0x_api_core.o
                0x0000000008006090                VL53L0X_encode_timeout
 .text.VL53L0X_decode_timeout
                0x00000000080060e8       0x2c ./Drivers/VL53L0X/core/src/vl53l0x_api_core.o
                0x00000000080060e8                VL53L0X_decode_timeout
 .text.VL53L0X_calc_timeout_mclks
                0x0000000008006114       0x54 ./Drivers/VL53L0X/core/src/vl53l0x_api_core.o
                0x0000000008006114                VL53L0X_calc_timeout_mclks
 .text.VL53L0X_calc_timeout_us
                0x0000000008006168       0x54 ./Drivers/VL53L0X/core/src/vl53l0x_api_core.o
                0x0000000008006168                VL53L0X_calc_timeout_us
 .text.get_sequence_step_timeout
                0x00000000080061bc      0x1c2 ./Drivers/VL53L0X/core/src/vl53l0x_api_core.o
                0x00000000080061bc                get_sequence_step_timeout
 .text.set_sequence_step_timeout
                0x000000000800637e      0x1e4 ./Drivers/VL53L0X/core/src/vl53l0x_api_core.o
                0x000000000800637e                set_sequence_step_timeout
 .text.VL53L0X_set_vcsel_pulse_period
                0x0000000008006562      0x512 ./Drivers/VL53L0X/core/src/vl53l0x_api_core.o
                0x0000000008006562                VL53L0X_set_vcsel_pulse_period
 .text.VL53L0X_get_vcsel_pulse_period
                0x0000000008006a74       0x6e ./Drivers/VL53L0X/core/src/vl53l0x_api_core.o
                0x0000000008006a74                VL53L0X_get_vcsel_pulse_period
 .text.VL53L0X_set_measurement_timing_budget_micro_seconds
                0x0000000008006ae2      0x1c0 ./Drivers/VL53L0X/core/src/vl53l0x_api_core.o
                0x0000000008006ae2                VL53L0X_set_measurement_timing_budget_micro_seconds
 .text.VL53L0X_get_measurement_timing_budget_micro_seconds
                0x0000000008006ca2      0x162 ./Drivers/VL53L0X/core/src/vl53l0x_api_core.o
                0x0000000008006ca2                VL53L0X_get_measurement_timing_budget_micro_seconds
 .text.VL53L0X_load_tuning_settings
                0x0000000008006e04      0x1c4 ./Drivers/VL53L0X/core/src/vl53l0x_api_core.o
                0x0000000008006e04                VL53L0X_load_tuning_settings
 .text.VL53L0X_get_total_xtalk_rate
                0x0000000008006fc8       0x5e ./Drivers/VL53L0X/core/src/vl53l0x_api_core.o
                0x0000000008006fc8                VL53L0X_get_total_xtalk_rate
 .text.VL53L0X_get_total_signal_rate
                0x0000000008007026       0x4a ./Drivers/VL53L0X/core/src/vl53l0x_api_core.o
                0x0000000008007026                VL53L0X_get_total_signal_rate
 .text.VL53L0X_calc_dmax
                0x0000000008007070      0x238 ./Drivers/VL53L0X/core/src/vl53l0x_api_core.o
                0x0000000008007070                VL53L0X_calc_dmax
 .text.VL53L0X_calc_sigma_estimate
                0x00000000080072a8      0x498 ./Drivers/VL53L0X/core/src/vl53l0x_api_core.o
                0x00000000080072a8                VL53L0X_calc_sigma_estimate
 .text.VL53L0X_get_pal_range_status
                0x0000000008007740      0x3b6 ./Drivers/VL53L0X/core/src/vl53l0x_api_core.o
                0x0000000008007740                VL53L0X_get_pal_range_status
 .text._I2CWrite
                0x0000000008007af6       0x3e ./Drivers/VL53L0X/platform/src/vl53l0x_platform.o
                0x0000000008007af6                _I2CWrite
 .text._I2CRead
                0x0000000008007b34       0x44 ./Drivers/VL53L0X/platform/src/vl53l0x_platform.o
                0x0000000008007b34                _I2CRead
 .text.VL53L0X_WriteMulti
                0x0000000008007b78       0x60 ./Drivers/VL53L0X/platform/src/vl53l0x_platform.o
                0x0000000008007b78                VL53L0X_WriteMulti
 .text.VL53L0X_ReadMulti
                0x0000000008007bd8       0x56 ./Drivers/VL53L0X/platform/src/vl53l0x_platform.o
                0x0000000008007bd8                VL53L0X_ReadMulti
 *fill*         0x0000000008007c2e        0x2 
 .text.VL53L0X_WrByte
                0x0000000008007c30       0x48 ./Drivers/VL53L0X/platform/src/vl53l0x_platform.o
                0x0000000008007c30                VL53L0X_WrByte
 .text.VL53L0X_WrWord
                0x0000000008007c78       0x54 ./Drivers/VL53L0X/platform/src/vl53l0x_platform.o
                0x0000000008007c78                VL53L0X_WrWord
 .text.VL53L0X_UpdateByte
                0x0000000008007ccc       0x68 ./Drivers/VL53L0X/platform/src/vl53l0x_platform.o
                0x0000000008007ccc                VL53L0X_UpdateByte
 .text.VL53L0X_RdByte
                0x0000000008007d34       0x54 ./Drivers/VL53L0X/platform/src/vl53l0x_platform.o
                0x0000000008007d34                VL53L0X_RdByte
 .text.VL53L0X_RdWord
                0x0000000008007d88       0x70 ./Drivers/VL53L0X/platform/src/vl53l0x_platform.o
                0x0000000008007d88                VL53L0X_RdWord
 .text.VL53L0X_RdDWord
                0x0000000008007df8       0x78 ./Drivers/VL53L0X/platform/src/vl53l0x_platform.o
                0x0000000008007df8                VL53L0X_RdDWord
 .text.VL53L0X_PollingDelay
                0x0000000008007e70       0x1e ./Drivers/VL53L0X/platform/src/vl53l0x_platform.o
                0x0000000008007e70                VL53L0X_PollingDelay
 *fill*         0x0000000008007e8e        0x2 
 .text.__errno  0x0000000008007e90        0xc c:/users/nicol/desktop/enseapp/stm32cubeide_1.8.0/stm32cubeide/plugins/com.st.stm32cube.ide.mcu.externaltools.gnu-tools-for-stm32.10.3-2021.10.win32_1.0.200.202301161003/tools/bin/../lib/gcc/arm-none-eabi/10.3.1/../../../../arm-none-eabi/lib/thumb/v7e-m+fp/hard\libc_nano.a(lib_a-errno.o)
                0x0000000008007e90                __errno
 .text.__libc_init_array
                0x0000000008007e9c       0x48 c:/users/nicol/desktop/enseapp/stm32cubeide_1.8.0/stm32cubeide/plugins/com.st.stm32cube.ide.mcu.externaltools.gnu-tools-for-stm32.10.3-2021.10.win32_1.0.200.202301161003/tools/bin/../lib/gcc/arm-none-eabi/10.3.1/../../../../arm-none-eabi/lib/thumb/v7e-m+fp/hard\libc_nano.a(lib_a-init.o)
                0x0000000008007e9c                __libc_init_array
 .text.memcpy   0x0000000008007ee4       0x1c c:/users/nicol/desktop/enseapp/stm32cubeide_1.8.0/stm32cubeide/plugins/com.st.stm32cube.ide.mcu.externaltools.gnu-tools-for-stm32.10.3-2021.10.win32_1.0.200.202301161003/tools/bin/../lib/gcc/arm-none-eabi/10.3.1/../../../../arm-none-eabi/lib/thumb/v7e-m+fp/hard\libc_nano.a(lib_a-memcpy-stub.o)
                0x0000000008007ee4                memcpy
 .text.memset   0x0000000008007f00       0x10 c:/users/nicol/desktop/enseapp/stm32cubeide_1.8.0/stm32cubeide/plugins/com.st.stm32cube.ide.mcu.externaltools.gnu-tools-for-stm32.10.3-2021.10.win32_1.0.200.202301161003/tools/bin/../lib/gcc/arm-none-eabi/10.3.1/../../../../arm-none-eabi/lib/thumb/v7e-m+fp/hard\libc_nano.a(lib_a-memset.o)
                0x0000000008007f00                memset
 .text.printf   0x0000000008007f10       0x30 c:/users/nicol/desktop/enseapp/stm32cubeide_1.8.0/stm32cubeide/plugins/com.st.stm32cube.ide.mcu.externaltools.gnu-tools-for-stm32.10.3-2021.10.win32_1.0.200.202301161003/tools/bin/../lib/gcc/arm-none-eabi/10.3.1/../../../../arm-none-eabi/lib/thumb/v7e-m+fp/hard\libc_nano.a(lib_a-printf.o)
                0x0000000008007f10                iprintf
                0x0000000008007f10                printf
 .text.strcpy   0x0000000008007f40       0x10 c:/users/nicol/desktop/enseapp/stm32cubeide_1.8.0/stm32cubeide/plugins/com.st.stm32cube.ide.mcu.externaltools.gnu-tools-for-stm32.10.3-2021.10.win32_1.0.200.202301161003/tools/bin/../lib/gcc/arm-none-eabi/10.3.1/../../../../arm-none-eabi/lib/thumb/v7e-m+fp/hard\libc_nano.a(lib_a-strcpy.o)
                0x0000000008007f40                strcpy
 .text.std      0x0000000008007f50       0x48 c:/users/nicol/desktop/enseapp/stm32cubeide_1.8.0/stm32cubeide/plugins/com.st.stm32cube.ide.mcu.externaltools.gnu-tools-for-stm32.10.3-2021.10.win32_1.0.200.202301161003/tools/bin/../lib/gcc/arm-none-eabi/10.3.1/../../../../arm-none-eabi/lib/thumb/v7e-m+fp/hard\libc_nano.a(lib_a-findfp.o)
 .text._cleanup_r
                0x0000000008007f98        0xc c:/users/nicol/desktop/enseapp/stm32cubeide_1.8.0/stm32cubeide/plugins/com.st.stm32cube.ide.mcu.externaltools.gnu-tools-for-stm32.10.3-2021.10.win32_1.0.200.202301161003/tools/bin/../lib/gcc/arm-none-eabi/10.3.1/../../../../arm-none-eabi/lib/thumb/v7e-m+fp/hard\libc_nano.a(lib_a-findfp.o)
                0x0000000008007f98                _cleanup_r
 .text.__sfmoreglue
                0x0000000008007fa4       0x2c c:/users/nicol/desktop/enseapp/stm32cubeide_1.8.0/stm32cubeide/plugins/com.st.stm32cube.ide.mcu.externaltools.gnu-tools-for-stm32.10.3-2021.10.win32_1.0.200.202301161003/tools/bin/../lib/gcc/arm-none-eabi/10.3.1/../../../../arm-none-eabi/lib/thumb/v7e-m+fp/hard\libc_nano.a(lib_a-findfp.o)
                0x0000000008007fa4                __sfmoreglue
 .text.__sfp_lock_acquire
                0x0000000008007fd0        0xc c:/users/nicol/desktop/enseapp/stm32cubeide_1.8.0/stm32cubeide/plugins/com.st.stm32cube.ide.mcu.externaltools.gnu-tools-for-stm32.10.3-2021.10.win32_1.0.200.202301161003/tools/bin/../lib/gcc/arm-none-eabi/10.3.1/../../../../arm-none-eabi/lib/thumb/v7e-m+fp/hard\libc_nano.a(lib_a-findfp.o)
                0x0000000008007fd0                __sfp_lock_acquire
 .text.__sfp_lock_release
                0x0000000008007fdc        0xc c:/users/nicol/desktop/enseapp/stm32cubeide_1.8.0/stm32cubeide/plugins/com.st.stm32cube.ide.mcu.externaltools.gnu-tools-for-stm32.10.3-2021.10.win32_1.0.200.202301161003/tools/bin/../lib/gcc/arm-none-eabi/10.3.1/../../../../arm-none-eabi/lib/thumb/v7e-m+fp/hard\libc_nano.a(lib_a-findfp.o)
                0x0000000008007fdc                __sfp_lock_release
 .text.__sinit_lock_acquire
                0x0000000008007fe8        0xc c:/users/nicol/desktop/enseapp/stm32cubeide_1.8.0/stm32cubeide/plugins/com.st.stm32cube.ide.mcu.externaltools.gnu-tools-for-stm32.10.3-2021.10.win32_1.0.200.202301161003/tools/bin/../lib/gcc/arm-none-eabi/10.3.1/../../../../arm-none-eabi/lib/thumb/v7e-m+fp/hard\libc_nano.a(lib_a-findfp.o)
                0x0000000008007fe8                __sinit_lock_acquire
 .text.__sinit_lock_release
                0x0000000008007ff4        0xc c:/users/nicol/desktop/enseapp/stm32cubeide_1.8.0/stm32cubeide/plugins/com.st.stm32cube.ide.mcu.externaltools.gnu-tools-for-stm32.10.3-2021.10.win32_1.0.200.202301161003/tools/bin/../lib/gcc/arm-none-eabi/10.3.1/../../../../arm-none-eabi/lib/thumb/v7e-m+fp/hard\libc_nano.a(lib_a-findfp.o)
                0x0000000008007ff4                __sinit_lock_release
 .text.__sinit  0x0000000008008000       0x70 c:/users/nicol/desktop/enseapp/stm32cubeide_1.8.0/stm32cubeide/plugins/com.st.stm32cube.ide.mcu.externaltools.gnu-tools-for-stm32.10.3-2021.10.win32_1.0.200.202301161003/tools/bin/../lib/gcc/arm-none-eabi/10.3.1/../../../../arm-none-eabi/lib/thumb/v7e-m+fp/hard\libc_nano.a(lib_a-findfp.o)
                0x0000000008008000                __sinit
 .text.__sfp    0x0000000008008070       0x8c c:/users/nicol/desktop/enseapp/stm32cubeide_1.8.0/stm32cubeide/plugins/com.st.stm32cube.ide.mcu.externaltools.gnu-tools-for-stm32.10.3-2021.10.win32_1.0.200.202301161003/tools/bin/../lib/gcc/arm-none-eabi/10.3.1/../../../../arm-none-eabi/lib/thumb/v7e-m+fp/hard\libc_nano.a(lib_a-findfp.o)
                0x0000000008008070                __sfp
 .text._fwalk_reent
                0x00000000080080fc       0x3e c:/users/nicol/desktop/enseapp/stm32cubeide_1.8.0/stm32cubeide/plugins/com.st.stm32cube.ide.mcu.externaltools.gnu-tools-for-stm32.10.3-2021.10.win32_1.0.200.202301161003/tools/bin/../lib/gcc/arm-none-eabi/10.3.1/../../../../arm-none-eabi/lib/thumb/v7e-m+fp/hard\libc_nano.a(lib_a-fwalk.o)
                0x00000000080080fc                _fwalk_reent
 .text.__retarget_lock_init_recursive
                0x000000000800813a        0x2 c:/users/nicol/desktop/enseapp/stm32cubeide_1.8.0/stm32cubeide/plugins/com.st.stm32cube.ide.mcu.externaltools.gnu-tools-for-stm32.10.3-2021.10.win32_1.0.200.202301161003/tools/bin/../lib/gcc/arm-none-eabi/10.3.1/../../../../arm-none-eabi/lib/thumb/v7e-m+fp/hard\libc_nano.a(lib_a-lock.o)
                0x000000000800813a                __retarget_lock_init_recursive
 .text.__retarget_lock_acquire_recursive
                0x000000000800813c        0x2 c:/users/nicol/desktop/enseapp/stm32cubeide_1.8.0/stm32cubeide/plugins/com.st.stm32cube.ide.mcu.externaltools.gnu-tools-for-stm32.10.3-2021.10.win32_1.0.200.202301161003/tools/bin/../lib/gcc/arm-none-eabi/10.3.1/../../../../arm-none-eabi/lib/thumb/v7e-m+fp/hard\libc_nano.a(lib_a-lock.o)
                0x000000000800813c                __retarget_lock_acquire_recursive
 .text.__retarget_lock_release_recursive
                0x000000000800813e        0x2 c:/users/nicol/desktop/enseapp/stm32cubeide_1.8.0/stm32cubeide/plugins/com.st.stm32cube.ide.mcu.externaltools.gnu-tools-for-stm32.10.3-2021.10.win32_1.0.200.202301161003/tools/bin/../lib/gcc/arm-none-eabi/10.3.1/../../../../arm-none-eabi/lib/thumb/v7e-m+fp/hard\libc_nano.a(lib_a-lock.o)
                0x000000000800813e                __retarget_lock_release_recursive
 .text.sbrk_aligned
                0x0000000008008140       0x40 c:/users/nicol/desktop/enseapp/stm32cubeide_1.8.0/stm32cubeide/plugins/com.st.stm32cube.ide.mcu.externaltools.gnu-tools-for-stm32.10.3-2021.10.win32_1.0.200.202301161003/tools/bin/../lib/gcc/arm-none-eabi/10.3.1/../../../../arm-none-eabi/lib/thumb/v7e-m+fp/hard\libc_nano.a(lib_a-nano-mallocr.o)
 .text._malloc_r
                0x0000000008008180       0xe8 c:/users/nicol/desktop/enseapp/stm32cubeide_1.8.0/stm32cubeide/plugins/com.st.stm32cube.ide.mcu.externaltools.gnu-tools-for-stm32.10.3-2021.10.win32_1.0.200.202301161003/tools/bin/../lib/gcc/arm-none-eabi/10.3.1/../../../../arm-none-eabi/lib/thumb/v7e-m+fp/hard\libc_nano.a(lib_a-nano-mallocr.o)
                0x0000000008008180                _malloc_r
 .text.__sfputc_r
                0x0000000008008268       0x2e c:/users/nicol/desktop/enseapp/stm32cubeide_1.8.0/stm32cubeide/plugins/com.st.stm32cube.ide.mcu.externaltools.gnu-tools-for-stm32.10.3-2021.10.win32_1.0.200.202301161003/tools/bin/../lib/gcc/arm-none-eabi/10.3.1/../../../../arm-none-eabi/lib/thumb/v7e-m+fp/hard\libc_nano.a(lib_a-nano-vfprintf.o)
 .text.__sfputs_r
                0x0000000008008296       0x24 c:/users/nicol/desktop/enseapp/stm32cubeide_1.8.0/stm32cubeide/plugins/com.st.stm32cube.ide.mcu.externaltools.gnu-tools-for-stm32.10.3-2021.10.win32_1.0.200.202301161003/tools/bin/../lib/gcc/arm-none-eabi/10.3.1/../../../../arm-none-eabi/lib/thumb/v7e-m+fp/hard\libc_nano.a(lib_a-nano-vfprintf.o)
                0x0000000008008296                __sfputs_r
 *fill*         0x00000000080082ba        0x2 
 .text._vfprintf_r
                0x00000000080082bc      0x260 c:/users/nicol/desktop/enseapp/stm32cubeide_1.8.0/stm32cubeide/plugins/com.st.stm32cube.ide.mcu.externaltools.gnu-tools-for-stm32.10.3-2021.10.win32_1.0.200.202301161003/tools/bin/../lib/gcc/arm-none-eabi/10.3.1/../../../../arm-none-eabi/lib/thumb/v7e-m+fp/hard\libc_nano.a(lib_a-nano-vfprintf.o)
                0x00000000080082bc                _vfprintf_r
                0x00000000080082bc                _vfiprintf_r
 .text._printf_common
                0x000000000800851c       0xda c:/users/nicol/desktop/enseapp/stm32cubeide_1.8.0/stm32cubeide/plugins/com.st.stm32cube.ide.mcu.externaltools.gnu-tools-for-stm32.10.3-2021.10.win32_1.0.200.202301161003/tools/bin/../lib/gcc/arm-none-eabi/10.3.1/../../../../arm-none-eabi/lib/thumb/v7e-m+fp/hard\libc_nano.a(lib_a-nano-vfprintf_i.o)
                0x000000000800851c                _printf_common
 *fill*         0x00000000080085f6        0x2 
 .text._printf_i
                0x00000000080085f8      0x24c c:/users/nicol/desktop/enseapp/stm32cubeide_1.8.0/stm32cubeide/plugins/com.st.stm32cube.ide.mcu.externaltools.gnu-tools-for-stm32.10.3-2021.10.win32_1.0.200.202301161003/tools/bin/../lib/gcc/arm-none-eabi/10.3.1/../../../../arm-none-eabi/lib/thumb/v7e-m+fp/hard\libc_nano.a(lib_a-nano-vfprintf_i.o)
                0x00000000080085f8                _printf_i
 .text._sbrk_r  0x0000000008008844       0x20 c:/users/nicol/desktop/enseapp/stm32cubeide_1.8.0/stm32cubeide/plugins/com.st.stm32cube.ide.mcu.externaltools.gnu-tools-for-stm32.10.3-2021.10.win32_1.0.200.202301161003/tools/bin/../lib/gcc/arm-none-eabi/10.3.1/../../../../arm-none-eabi/lib/thumb/v7e-m+fp/hard\libc_nano.a(lib_a-sbrkr.o)
                0x0000000008008844                _sbrk_r
 .text.__sread  0x0000000008008864       0x22 c:/users/nicol/desktop/enseapp/stm32cubeide_1.8.0/stm32cubeide/plugins/com.st.stm32cube.ide.mcu.externaltools.gnu-tools-for-stm32.10.3-2021.10.win32_1.0.200.202301161003/tools/bin/../lib/gcc/arm-none-eabi/10.3.1/../../../../arm-none-eabi/lib/thumb/v7e-m+fp/hard\libc_nano.a(lib_a-stdio.o)
                0x0000000008008864                __sread
 .text.__swrite
                0x0000000008008886       0x38 c:/users/nicol/desktop/enseapp/stm32cubeide_1.8.0/stm32cubeide/plugins/com.st.stm32cube.ide.mcu.externaltools.gnu-tools-for-stm32.10.3-2021.10.win32_1.0.200.202301161003/tools/bin/../lib/gcc/arm-none-eabi/10.3.1/../../../../arm-none-eabi/lib/thumb/v7e-m+fp/hard\libc_nano.a(lib_a-stdio.o)
                0x0000000008008886                __swrite
 .text.__sseek  0x00000000080088be       0x24 c:/users/nicol/desktop/enseapp/stm32cubeide_1.8.0/stm32cubeide/plugins/com.st.stm32cube.ide.mcu.externaltools.gnu-tools-for-stm32.10.3-2021.10.win32_1.0.200.202301161003/tools/bin/../lib/gcc/arm-none-eabi/10.3.1/../../../../arm-none-eabi/lib/thumb/v7e-m+fp/hard\libc_nano.a(lib_a-stdio.o)
                0x00000000080088be                __sseek
 .text.__sclose
                0x00000000080088e2        0x8 c:/users/nicol/desktop/enseapp/stm32cubeide_1.8.0/stm32cubeide/plugins/com.st.stm32cube.ide.mcu.externaltools.gnu-tools-for-stm32.10.3-2021.10.win32_1.0.200.202301161003/tools/bin/../lib/gcc/arm-none-eabi/10.3.1/../../../../arm-none-eabi/lib/thumb/v7e-m+fp/hard\libc_nano.a(lib_a-stdio.o)
                0x00000000080088e2                __sclose
 *fill*         0x00000000080088ea        0x2 
 .text.__swbuf_r
                0x00000000080088ec       0xa4 c:/users/nicol/desktop/enseapp/stm32cubeide_1.8.0/stm32cubeide/plugins/com.st.stm32cube.ide.mcu.externaltools.gnu-tools-for-stm32.10.3-2021.10.win32_1.0.200.202301161003/tools/bin/../lib/gcc/arm-none-eabi/10.3.1/../../../../arm-none-eabi/lib/thumb/v7e-m+fp/hard\libc_nano.a(lib_a-wbuf.o)
                0x00000000080088ec                __swbuf_r
 .text._write_r
                0x0000000008008990       0x24 c:/users/nicol/desktop/enseapp/stm32cubeide_1.8.0/stm32cubeide/plugins/com.st.stm32cube.ide.mcu.externaltools.gnu-tools-for-stm32.10.3-2021.10.win32_1.0.200.202301161003/tools/bin/../lib/gcc/arm-none-eabi/10.3.1/../../../../arm-none-eabi/lib/thumb/v7e-m+fp/hard\libc_nano.a(lib_a-writer.o)
                0x0000000008008990                _write_r
 .text.__swsetup_r
                0x00000000080089b4       0xdc c:/users/nicol/desktop/enseapp/stm32cubeide_1.8.0/stm32cubeide/plugins/com.st.stm32cube.ide.mcu.externaltools.gnu-tools-for-stm32.10.3-2021.10.win32_1.0.200.202301161003/tools/bin/../lib/gcc/arm-none-eabi/10.3.1/../../../../arm-none-eabi/lib/thumb/v7e-m+fp/hard\libc_nano.a(lib_a-wsetup.o)
                0x00000000080089b4                __swsetup_r
 .text._close_r
                0x0000000008008a90       0x20 c:/users/nicol/desktop/enseapp/stm32cubeide_1.8.0/stm32cubeide/plugins/com.st.stm32cube.ide.mcu.externaltools.gnu-tools-for-stm32.10.3-2021.10.win32_1.0.200.202301161003/tools/bin/../lib/gcc/arm-none-eabi/10.3.1/../../../../arm-none-eabi/lib/thumb/v7e-m+fp/hard\libc_nano.a(lib_a-closer.o)
                0x0000000008008a90                _close_r
 .text.__sflush_r
                0x0000000008008ab0      0x10c c:/users/nicol/desktop/enseapp/stm32cubeide_1.8.0/stm32cubeide/plugins/com.st.stm32cube.ide.mcu.externaltools.gnu-tools-for-stm32.10.3-2021.10.win32_1.0.200.202301161003/tools/bin/../lib/gcc/arm-none-eabi/10.3.1/../../../../arm-none-eabi/lib/thumb/v7e-m+fp/hard\libc_nano.a(lib_a-fflush.o)
                0x0000000008008ab0                __sflush_r
 .text._fflush_r
                0x0000000008008bbc       0x78 c:/users/nicol/desktop/enseapp/stm32cubeide_1.8.0/stm32cubeide/plugins/com.st.stm32cube.ide.mcu.externaltools.gnu-tools-for-stm32.10.3-2021.10.win32_1.0.200.202301161003/tools/bin/../lib/gcc/arm-none-eabi/10.3.1/../../../../arm-none-eabi/lib/thumb/v7e-m+fp/hard\libc_nano.a(lib_a-fflush.o)
                0x0000000008008bbc                _fflush_r
 .text._lseek_r
                0x0000000008008c34       0x24 c:/users/nicol/desktop/enseapp/stm32cubeide_1.8.0/stm32cubeide/plugins/com.st.stm32cube.ide.mcu.externaltools.gnu-tools-for-stm32.10.3-2021.10.win32_1.0.200.202301161003/tools/bin/../lib/gcc/arm-none-eabi/10.3.1/../../../../arm-none-eabi/lib/thumb/v7e-m+fp/hard\libc_nano.a(lib_a-lseekr.o)
                0x0000000008008c34                _lseek_r
 .text.__swhatbuf_r
                0x0000000008008c58       0x4a c:/users/nicol/desktop/enseapp/stm32cubeide_1.8.0/stm32cubeide/plugins/com.st.stm32cube.ide.mcu.externaltools.gnu-tools-for-stm32.10.3-2021.10.win32_1.0.200.202301161003/tools/bin/../lib/gcc/arm-none-eabi/10.3.1/../../../../arm-none-eabi/lib/thumb/v7e-m+fp/hard\libc_nano.a(lib_a-makebuf.o)
                0x0000000008008c58                __swhatbuf_r
 *fill*         0x0000000008008ca2        0x2 
 .text.__smakebuf_r
                0x0000000008008ca4       0x80 c:/users/nicol/desktop/enseapp/stm32cubeide_1.8.0/stm32cubeide/plugins/com.st.stm32cube.ide.mcu.externaltools.gnu-tools-for-stm32.10.3-2021.10.win32_1.0.200.202301161003/tools/bin/../lib/gcc/arm-none-eabi/10.3.1/../../../../arm-none-eabi/lib/thumb/v7e-m+fp/hard\libc_nano.a(lib_a-makebuf.o)
                0x0000000008008ca4                __smakebuf_r
 .text.__malloc_lock
                0x0000000008008d24        0xc c:/users/nicol/desktop/enseapp/stm32cubeide_1.8.0/stm32cubeide/plugins/com.st.stm32cube.ide.mcu.externaltools.gnu-tools-for-stm32.10.3-2021.10.win32_1.0.200.202301161003/tools/bin/../lib/gcc/arm-none-eabi/10.3.1/../../../../arm-none-eabi/lib/thumb/v7e-m+fp/hard\libc_nano.a(lib_a-mlock.o)
                0x0000000008008d24                __malloc_lock
 .text.__malloc_unlock
                0x0000000008008d30        0xc c:/users/nicol/desktop/enseapp/stm32cubeide_1.8.0/stm32cubeide/plugins/com.st.stm32cube.ide.mcu.externaltools.gnu-tools-for-stm32.10.3-2021.10.win32_1.0.200.202301161003/tools/bin/../lib/gcc/arm-none-eabi/10.3.1/../../../../arm-none-eabi/lib/thumb/v7e-m+fp/hard\libc_nano.a(lib_a-mlock.o)
                0x0000000008008d30                __malloc_unlock
 .text._free_r  0x0000000008008d3c       0x98 c:/users/nicol/desktop/enseapp/stm32cubeide_1.8.0/stm32cubeide/plugins/com.st.stm32cube.ide.mcu.externaltools.gnu-tools-for-stm32.10.3-2021.10.win32_1.0.200.202301161003/tools/bin/../lib/gcc/arm-none-eabi/10.3.1/../../../../arm-none-eabi/lib/thumb/v7e-m+fp/hard\libc_nano.a(lib_a-nano-freer.o)
                0x0000000008008d3c                _free_r
 .text._read_r  0x0000000008008dd4       0x24 c:/users/nicol/desktop/enseapp/stm32cubeide_1.8.0/stm32cubeide/plugins/com.st.stm32cube.ide.mcu.externaltools.gnu-tools-for-stm32.10.3-2021.10.win32_1.0.200.202301161003/tools/bin/../lib/gcc/arm-none-eabi/10.3.1/../../../../arm-none-eabi/lib/thumb/v7e-m+fp/hard\libc_nano.a(lib_a-readr.o)
                0x0000000008008dd4                _read_r
 .text._fstat_r
                0x0000000008008df8       0x24 c:/users/nicol/desktop/enseapp/stm32cubeide_1.8.0/stm32cubeide/plugins/com.st.stm32cube.ide.mcu.externaltools.gnu-tools-for-stm32.10.3-2021.10.win32_1.0.200.202301161003/tools/bin/../lib/gcc/arm-none-eabi/10.3.1/../../../../arm-none-eabi/lib/thumb/v7e-m+fp/hard\libc_nano.a(lib_a-fstatr.o)
                0x0000000008008df8                _fstat_r
 .text._isatty_r
                0x0000000008008e1c       0x20 c:/users/nicol/desktop/enseapp/stm32cubeide_1.8.0/stm32cubeide/plugins/com.st.stm32cube.ide.mcu.externaltools.gnu-tools-for-stm32.10.3-2021.10.win32_1.0.200.202301161003/tools/bin/../lib/gcc/arm-none-eabi/10.3.1/../../../../arm-none-eabi/lib/thumb/v7e-m+fp/hard\libc_nano.a(lib_a-isattyr.o)
                0x0000000008008e1c                _isatty_r
 *(.glue_7)
 .glue_7        0x0000000008008e3c        0x0 linker stubs
 *(.glue_7t)
 .glue_7t       0x0000000008008e3c        0x0 linker stubs
 *(.eh_frame)
 .eh_frame      0x0000000008008e3c        0x0 c:/users/nicol/desktop/enseapp/stm32cubeide_1.8.0/stm32cubeide/plugins/com.st.stm32cube.ide.mcu.externaltools.gnu-tools-for-stm32.10.3-2021.10.win32_1.0.200.202301161003/tools/bin/../lib/gcc/arm-none-eabi/10.3.1/thumb/v7e-m+fp/hard/crtbegin.o
 *(.init)
 .init          0x0000000008008e3c        0x4 c:/users/nicol/desktop/enseapp/stm32cubeide_1.8.0/stm32cubeide/plugins/com.st.stm32cube.ide.mcu.externaltools.gnu-tools-for-stm32.10.3-2021.10.win32_1.0.200.202301161003/tools/bin/../lib/gcc/arm-none-eabi/10.3.1/thumb/v7e-m+fp/hard/crti.o
                0x0000000008008e3c                _init
 .init          0x0000000008008e40        0x8 c:/users/nicol/desktop/enseapp/stm32cubeide_1.8.0/stm32cubeide/plugins/com.st.stm32cube.ide.mcu.externaltools.gnu-tools-for-stm32.10.3-2021.10.win32_1.0.200.202301161003/tools/bin/../lib/gcc/arm-none-eabi/10.3.1/thumb/v7e-m+fp/hard/crtn.o
 *(.fini)
 .fini          0x0000000008008e48        0x4 c:/users/nicol/desktop/enseapp/stm32cubeide_1.8.0/stm32cubeide/plugins/com.st.stm32cube.ide.mcu.externaltools.gnu-tools-for-stm32.10.3-2021.10.win32_1.0.200.202301161003/tools/bin/../lib/gcc/arm-none-eabi/10.3.1/thumb/v7e-m+fp/hard/crti.o
                0x0000000008008e48                _fini
 .fini          0x0000000008008e4c        0x8 c:/users/nicol/desktop/enseapp/stm32cubeide_1.8.0/stm32cubeide/plugins/com.st.stm32cube.ide.mcu.externaltools.gnu-tools-for-stm32.10.3-2021.10.win32_1.0.200.202301161003/tools/bin/../lib/gcc/arm-none-eabi/10.3.1/thumb/v7e-m+fp/hard/crtn.o
                0x0000000008008e54                . = ALIGN (0x4)
                0x0000000008008e54                _etext = .

.vfp11_veneer   0x0000000008008e54        0x0
 .vfp11_veneer  0x0000000008008e54        0x0 linker stubs

.v4_bx          0x0000000008008e54        0x0
 .v4_bx         0x0000000008008e54        0x0 linker stubs

.iplt           0x0000000008008e54        0x0
 .iplt          0x0000000008008e54        0x0 c:/users/nicol/desktop/enseapp/stm32cubeide_1.8.0/stm32cubeide/plugins/com.st.stm32cube.ide.mcu.externaltools.gnu-tools-for-stm32.10.3-2021.10.win32_1.0.200.202301161003/tools/bin/../lib/gcc/arm-none-eabi/10.3.1/thumb/v7e-m+fp/hard/crtbegin.o

.rodata         0x0000000008008e54       0xe8
                0x0000000008008e54                . = ALIGN (0x4)
 *(.rodata)
 .rodata        0x0000000008008e54       0x38 ./Core/Src/main.o
 *(.rodata*)
 .rodata.AHBPrescTable
                0x0000000008008e8c       0x10 ./Core/Src/system_stm32f4xx.o
                0x0000000008008e8c                AHBPrescTable
 .rodata.APBPrescTable
                0x0000000008008e9c        0x8 ./Core/Src/system_stm32f4xx.o
                0x0000000008008e9c                APBPrescTable
 .rodata._global_impure_ptr
                0x0000000008008ea4        0x4 c:/users/nicol/desktop/enseapp/stm32cubeide_1.8.0/stm32cubeide/plugins/com.st.stm32cube.ide.mcu.externaltools.gnu-tools-for-stm32.10.3-2021.10.win32_1.0.200.202301161003/tools/bin/../lib/gcc/arm-none-eabi/10.3.1/../../../../arm-none-eabi/lib/thumb/v7e-m+fp/hard\libc_nano.a(lib_a-impure.o)
                0x0000000008008ea4                _global_impure_ptr
 .rodata.__sf_fake_stderr
                0x0000000008008ea8       0x20 c:/users/nicol/desktop/enseapp/stm32cubeide_1.8.0/stm32cubeide/plugins/com.st.stm32cube.ide.mcu.externaltools.gnu-tools-for-stm32.10.3-2021.10.win32_1.0.200.202301161003/tools/bin/../lib/gcc/arm-none-eabi/10.3.1/../../../../arm-none-eabi/lib/thumb/v7e-m+fp/hard\libc_nano.a(lib_a-findfp.o)
                0x0000000008008ea8                __sf_fake_stderr
 .rodata.__sf_fake_stdin
                0x0000000008008ec8       0x20 c:/users/nicol/desktop/enseapp/stm32cubeide_1.8.0/stm32cubeide/plugins/com.st.stm32cube.ide.mcu.externaltools.gnu-tools-for-stm32.10.3-2021.10.win32_1.0.200.202301161003/tools/bin/../lib/gcc/arm-none-eabi/10.3.1/../../../../arm-none-eabi/lib/thumb/v7e-m+fp/hard\libc_nano.a(lib_a-findfp.o)
                0x0000000008008ec8                __sf_fake_stdin
 .rodata.__sf_fake_stdout
                0x0000000008008ee8       0x20 c:/users/nicol/desktop/enseapp/stm32cubeide_1.8.0/stm32cubeide/plugins/com.st.stm32cube.ide.mcu.externaltools.gnu-tools-for-stm32.10.3-2021.10.win32_1.0.200.202301161003/tools/bin/../lib/gcc/arm-none-eabi/10.3.1/../../../../arm-none-eabi/lib/thumb/v7e-m+fp/hard\libc_nano.a(lib_a-findfp.o)
                0x0000000008008ee8                __sf_fake_stdout
 .rodata._vfprintf_r.str1.1
                0x0000000008008f08       0x11 c:/users/nicol/desktop/enseapp/stm32cubeide_1.8.0/stm32cubeide/plugins/com.st.stm32cube.ide.mcu.externaltools.gnu-tools-for-stm32.10.3-2021.10.win32_1.0.200.202301161003/tools/bin/../lib/gcc/arm-none-eabi/10.3.1/../../../../arm-none-eabi/lib/thumb/v7e-m+fp/hard\libc_nano.a(lib_a-nano-vfprintf.o)
 .rodata._printf_i.str1.1
                0x0000000008008f19       0x22 c:/users/nicol/desktop/enseapp/stm32cubeide_1.8.0/stm32cubeide/plugins/com.st.stm32cube.ide.mcu.externaltools.gnu-tools-for-stm32.10.3-2021.10.win32_1.0.200.202301161003/tools/bin/../lib/gcc/arm-none-eabi/10.3.1/../../../../arm-none-eabi/lib/thumb/v7e-m+fp/hard\libc_nano.a(lib_a-nano-vfprintf_i.o)
                0x0000000008008f3c                . = ALIGN (0x4)
 *fill*         0x0000000008008f3b        0x1 

.ARM.extab      0x0000000008008f3c        0x0
                0x0000000008008f3c                . = ALIGN (0x4)
 *(.ARM.extab* .gnu.linkonce.armextab.*)
                0x0000000008008f3c                . = ALIGN (0x4)

.ARM            0x0000000008008f3c        0x8
                0x0000000008008f3c                . = ALIGN (0x4)
                0x0000000008008f3c                __exidx_start = .
 *(.ARM.exidx*)
 .ARM.exidx     0x0000000008008f3c        0x8 c:/users/nicol/desktop/enseapp/stm32cubeide_1.8.0/stm32cubeide/plugins/com.st.stm32cube.ide.mcu.externaltools.gnu-tools-for-stm32.10.3-2021.10.win32_1.0.200.202301161003/tools/bin/../lib/gcc/arm-none-eabi/10.3.1/thumb/v7e-m+fp/hard\libgcc.a(_udivmoddi4.o)
                0x0000000008008f44                __exidx_end = .
                0x0000000008008f44                . = ALIGN (0x4)

.rel.dyn        0x0000000008008f44        0x0
 .rel.iplt      0x0000000008008f44        0x0 c:/users/nicol/desktop/enseapp/stm32cubeide_1.8.0/stm32cubeide/plugins/com.st.stm32cube.ide.mcu.externaltools.gnu-tools-for-stm32.10.3-2021.10.win32_1.0.200.202301161003/tools/bin/../lib/gcc/arm-none-eabi/10.3.1/thumb/v7e-m+fp/hard/crtbegin.o

.preinit_array  0x0000000008008f44        0x0
                0x0000000008008f44                . = ALIGN (0x4)
                0x0000000008008f44                PROVIDE (__preinit_array_start = .)
 *(.preinit_array*)
                0x0000000008008f44                PROVIDE (__preinit_array_end = .)
                0x0000000008008f44                . = ALIGN (0x4)

.init_array     0x0000000008008f44        0x4
                0x0000000008008f44                . = ALIGN (0x4)
                0x0000000008008f44                PROVIDE (__init_array_start = .)
 *(SORT_BY_NAME(.init_array.*))
 *(.init_array*)
 .init_array    0x0000000008008f44        0x4 c:/users/nicol/desktop/enseapp/stm32cubeide_1.8.0/stm32cubeide/plugins/com.st.stm32cube.ide.mcu.externaltools.gnu-tools-for-stm32.10.3-2021.10.win32_1.0.200.202301161003/tools/bin/../lib/gcc/arm-none-eabi/10.3.1/thumb/v7e-m+fp/hard/crtbegin.o
                0x0000000008008f48                PROVIDE (__init_array_end = .)
                0x0000000008008f48                . = ALIGN (0x4)

.fini_array     0x0000000008008f48        0x4
                0x0000000008008f48                . = ALIGN (0x4)
                [!provide]                        PROVIDE (__fini_array_start = .)
 *(SORT_BY_NAME(.fini_array.*))
 *(.fini_array*)
 .fini_array    0x0000000008008f48        0x4 c:/users/nicol/desktop/enseapp/stm32cubeide_1.8.0/stm32cubeide/plugins/com.st.stm32cube.ide.mcu.externaltools.gnu-tools-for-stm32.10.3-2021.10.win32_1.0.200.202301161003/tools/bin/../lib/gcc/arm-none-eabi/10.3.1/thumb/v7e-m+fp/hard/crtbegin.o
                [!provide]                        PROVIDE (__fini_array_end = .)
                0x0000000008008f4c                . = ALIGN (0x4)
                0x0000000008008f4c                _sidata = LOADADDR (.data)

.data           0x0000000020000000      0x330 load address 0x0000000008008f4c
                0x0000000020000000                . = ALIGN (0x4)
                0x0000000020000000                _sdata = .
 *(.data)
 *(.data*)
 .data.SystemCoreClock
                0x0000000020000000        0x4 ./Core/Src/system_stm32f4xx.o
                0x0000000020000000                SystemCoreClock
 .data.TOF1     0x0000000020000004        0x4 ./Core/Src/tof.o
                0x0000000020000004                TOF1
 .data.uwTickPrio
                0x0000000020000008        0x4 ./Drivers/STM32F4xx_HAL_Driver/Src/stm32f4xx_hal.o
                0x0000000020000008                uwTickPrio
 .data.uwTickFreq
                0x000000002000000c        0x1 ./Drivers/STM32F4xx_HAL_Driver/Src/stm32f4xx_hal.o
                0x000000002000000c                uwTickFreq
 *fill*         0x000000002000000d        0x3 
 .data.InterruptThresholdSettings
                0x0000000020000010      0x1b6 ./Drivers/VL53L0X/core/src/vl53l0x_api.o
                0x0000000020000010                InterruptThresholdSettings
 *fill*         0x00000000200001c6        0x2 
 .data.DefaultTuningSettings
                0x00000000200001c8       0xf3 ./Drivers/VL53L0X/core/src/vl53l0x_api.o
                0x00000000200001c8                DefaultTuningSettings
 *fill*         0x00000000200002bb        0x1 
 .data.refArrayQuadrants
                0x00000000200002bc       0x10 ./Drivers/VL53L0X/core/src/vl53l0x_api_calibration.o
                0x00000000200002bc                refArrayQuadrants
 .data._impure_ptr
                0x00000000200002cc        0x4 c:/users/nicol/desktop/enseapp/stm32cubeide_1.8.0/stm32cubeide/plugins/com.st.stm32cube.ide.mcu.externaltools.gnu-tools-for-stm32.10.3-2021.10.win32_1.0.200.202301161003/tools/bin/../lib/gcc/arm-none-eabi/10.3.1/../../../../arm-none-eabi/lib/thumb/v7e-m+fp/hard\libc_nano.a(lib_a-impure.o)
                0x00000000200002cc                _impure_ptr
 .data.impure_data
                0x00000000200002d0       0x60 c:/users/nicol/desktop/enseapp/stm32cubeide_1.8.0/stm32cubeide/plugins/com.st.stm32cube.ide.mcu.externaltools.gnu-tools-for-stm32.10.3-2021.10.win32_1.0.200.202301161003/tools/bin/../lib/gcc/arm-none-eabi/10.3.1/../../../../arm-none-eabi/lib/thumb/v7e-m+fp/hard\libc_nano.a(lib_a-impure.o)
 *(.RamFunc)
 *(.RamFunc*)
                0x0000000020000330                . = ALIGN (0x4)
                0x0000000020000330                _edata = .

.igot.plt       0x0000000020000330        0x0 load address 0x000000000800927c
 .igot.plt      0x0000000020000330        0x0 c:/users/nicol/desktop/enseapp/stm32cubeide_1.8.0/stm32cubeide/plugins/com.st.stm32cube.ide.mcu.externaltools.gnu-tools-for-stm32.10.3-2021.10.win32_1.0.200.202301161003/tools/bin/../lib/gcc/arm-none-eabi/10.3.1/thumb/v7e-m+fp/hard/crtbegin.o
                0x0000000020000330                . = ALIGN (0x4)

.bss            0x0000000020000330      0x25c load address 0x000000000800927c
                0x0000000020000330                _sbss = .
                0x0000000020000330                __bss_start__ = _sbss
 *(.bss)
 .bss           0x0000000020000330       0x1c c:/users/nicol/desktop/enseapp/stm32cubeide_1.8.0/stm32cubeide/plugins/com.st.stm32cube.ide.mcu.externaltools.gnu-tools-for-stm32.10.3-2021.10.win32_1.0.200.202301161003/tools/bin/../lib/gcc/arm-none-eabi/10.3.1/thumb/v7e-m+fp/hard/crtbegin.o
 *(.bss*)
 .bss.hi2c1     0x000000002000034c       0x54 ./Core/Src/main.o
                0x000000002000034c                hi2c1
 .bss.myStatus.0
                0x00000000200003a0        0x1 ./Core/Src/main.o
 *fill*         0x00000000200003a1        0x3 
 .bss.__sbrk_heap_end
                0x00000000200003a4        0x4 ./Core/Src/sysmem.o
 .bss.vl53l0x_1
                0x00000000200003a8      0x190 ./Core/Src/tof.o
                0x00000000200003a8                vl53l0x_1
 .bss.uwTick    0x0000000020000538        0x4 ./Drivers/STM32F4xx_HAL_Driver/Src/stm32f4xx_hal.o
                0x0000000020000538                uwTick
 .bss._I2CBuffer
                0x000000002000053c       0x40 ./Drivers/VL53L0X/platform/src/vl53l0x_platform.o
                0x000000002000053c                _I2CBuffer
 .bss.__lock___malloc_recursive_mutex
                0x000000002000057c        0x1 c:/users/nicol/desktop/enseapp/stm32cubeide_1.8.0/stm32cubeide/plugins/com.st.stm32cube.ide.mcu.externaltools.gnu-tools-for-stm32.10.3-2021.10.win32_1.0.200.202301161003/tools/bin/../lib/gcc/arm-none-eabi/10.3.1/../../../../arm-none-eabi/lib/thumb/v7e-m+fp/hard\libc_nano.a(lib_a-lock.o)
                0x000000002000057c                __lock___malloc_recursive_mutex
 .bss.__lock___sfp_recursive_mutex
                0x000000002000057d        0x1 c:/users/nicol/desktop/enseapp/stm32cubeide_1.8.0/stm32cubeide/plugins/com.st.stm32cube.ide.mcu.externaltools.gnu-tools-for-stm32.10.3-2021.10.win32_1.0.200.202301161003/tools/bin/../lib/gcc/arm-none-eabi/10.3.1/../../../../arm-none-eabi/lib/thumb/v7e-m+fp/hard\libc_nano.a(lib_a-lock.o)
                0x000000002000057d                __lock___sfp_recursive_mutex
 .bss.__lock___sinit_recursive_mutex
                0x000000002000057e        0x1 c:/users/nicol/desktop/enseapp/stm32cubeide_1.8.0/stm32cubeide/plugins/com.st.stm32cube.ide.mcu.externaltools.gnu-tools-for-stm32.10.3-2021.10.win32_1.0.200.202301161003/tools/bin/../lib/gcc/arm-none-eabi/10.3.1/../../../../arm-none-eabi/lib/thumb/v7e-m+fp/hard\libc_nano.a(lib_a-lock.o)
                0x000000002000057e                __lock___sinit_recursive_mutex
 *fill*         0x000000002000057f        0x1 
 .bss.__malloc_free_list
                0x0000000020000580        0x4 c:/users/nicol/desktop/enseapp/stm32cubeide_1.8.0/stm32cubeide/plugins/com.st.stm32cube.ide.mcu.externaltools.gnu-tools-for-stm32.10.3-2021.10.win32_1.0.200.202301161003/tools/bin/../lib/gcc/arm-none-eabi/10.3.1/../../../../arm-none-eabi/lib/thumb/v7e-m+fp/hard\libc_nano.a(lib_a-nano-mallocr.o)
                0x0000000020000580                __malloc_free_list
 .bss.__malloc_sbrk_start
                0x0000000020000584        0x4 c:/users/nicol/desktop/enseapp/stm32cubeide_1.8.0/stm32cubeide/plugins/com.st.stm32cube.ide.mcu.externaltools.gnu-tools-for-stm32.10.3-2021.10.win32_1.0.200.202301161003/tools/bin/../lib/gcc/arm-none-eabi/10.3.1/../../../../arm-none-eabi/lib/thumb/v7e-m+fp/hard\libc_nano.a(lib_a-nano-mallocr.o)
                0x0000000020000584                __malloc_sbrk_start
 .bss.errno     0x0000000020000588        0x4 c:/users/nicol/desktop/enseapp/stm32cubeide_1.8.0/stm32cubeide/plugins/com.st.stm32cube.ide.mcu.externaltools.gnu-tools-for-stm32.10.3-2021.10.win32_1.0.200.202301161003/tools/bin/../lib/gcc/arm-none-eabi/10.3.1/../../../../arm-none-eabi/lib/thumb/v7e-m+fp/hard\libc_nano.a(lib_a-reent.o)
                0x0000000020000588                errno
 *(COMMON)
                0x000000002000058c                . = ALIGN (0x4)
                0x000000002000058c                _ebss = .
                0x000000002000058c                __bss_end__ = _ebss

._user_heap_stack
                0x000000002000058c      0x604 load address 0x000000000800927c
                0x0000000020000590                . = ALIGN (0x8)
 *fill*         0x000000002000058c        0x4 
                [!provide]                        PROVIDE (end = .)
                0x0000000020000590                PROVIDE (_end = .)
                0x0000000020000790                . = (. + _Min_Heap_Size)
 *fill*         0x0000000020000590      0x200 
                0x0000000020000b90                . = (. + _Min_Stack_Size)
 *fill*         0x0000000020000790      0x400 
                0x0000000020000b90                . = ALIGN (0x8)

/DISCARD/
 libc.a(*)
 libm.a(*)
 libgcc.a(*)

.ARM.attributes
                0x0000000000000000       0x30
 *(.ARM.attributes)
 .ARM.attributes
                0x0000000000000000       0x1e c:/users/nicol/desktop/enseapp/stm32cubeide_1.8.0/stm32cubeide/plugins/com.st.stm32cube.ide.mcu.externaltools.gnu-tools-for-stm32.10.3-2021.10.win32_1.0.200.202301161003/tools/bin/../lib/gcc/arm-none-eabi/10.3.1/thumb/v7e-m+fp/hard/crti.o
 .ARM.attributes
                0x000000000000001e       0x34 c:/users/nicol/desktop/enseapp/stm32cubeide_1.8.0/stm32cubeide/plugins/com.st.stm32cube.ide.mcu.externaltools.gnu-tools-for-stm32.10.3-2021.10.win32_1.0.200.202301161003/tools/bin/../lib/gcc/arm-none-eabi/10.3.1/thumb/v7e-m+fp/hard/crtbegin.o
 .ARM.attributes
                0x0000000000000052       0x34 ./Core/Src/main.o
 .ARM.attributes
                0x0000000000000086       0x34 ./Core/Src/stm32f4xx_hal_msp.o
 .ARM.attributes
                0x00000000000000ba       0x34 ./Core/Src/stm32f4xx_it.o
 .ARM.attributes
                0x00000000000000ee       0x34 ./Core/Src/syscalls.o
 .ARM.attributes
                0x0000000000000122       0x34 ./Core/Src/sysmem.o
 .ARM.attributes
                0x0000000000000156       0x34 ./Core/Src/system_stm32f4xx.o
 .ARM.attributes
                0x000000000000018a       0x34 ./Core/Src/tof.o
 .ARM.attributes
                0x00000000000001be       0x21 ./Core/Startup/startup_stm32f446retx.o
 .ARM.attributes
                0x00000000000001df       0x34 ./Drivers/STM32F4xx_HAL_Driver/Src/stm32f4xx_hal.o
 .ARM.attributes
                0x0000000000000213       0x34 ./Drivers/STM32F4xx_HAL_Driver/Src/stm32f4xx_hal_cortex.o
 .ARM.attributes
                0x0000000000000247       0x34 ./Drivers/STM32F4xx_HAL_Driver/Src/stm32f4xx_hal_gpio.o
 .ARM.attributes
                0x000000000000027b       0x34 ./Drivers/STM32F4xx_HAL_Driver/Src/stm32f4xx_hal_i2c.o
 .ARM.attributes
                0x00000000000002af       0x34 ./Drivers/STM32F4xx_HAL_Driver/Src/stm32f4xx_hal_rcc.o
 .ARM.attributes
                0x00000000000002e3       0x34 ./Drivers/STM32F4xx_HAL_Driver/Src/stm32f4xx_hal_rcc_ex.o
 .ARM.attributes
                0x0000000000000317       0x34 ./Drivers/VL53L0X/core/src/vl53l0x_api.o
 .ARM.attributes
                0x000000000000034b       0x34 ./Drivers/VL53L0X/core/src/vl53l0x_api_calibration.o
 .ARM.attributes
                0x000000000000037f       0x34 ./Drivers/VL53L0X/core/src/vl53l0x_api_core.o
 .ARM.attributes
                0x00000000000003b3       0x34 ./Drivers/VL53L0X/platform/src/vl53l0x_platform.o
 .ARM.attributes
                0x00000000000003e7       0x34 c:/users/nicol/desktop/enseapp/stm32cubeide_1.8.0/stm32cubeide/plugins/com.st.stm32cube.ide.mcu.externaltools.gnu-tools-for-stm32.10.3-2021.10.win32_1.0.200.202301161003/tools/bin/../lib/gcc/arm-none-eabi/10.3.1/../../../../arm-none-eabi/lib/thumb/v7e-m+fp/hard\libc_nano.a(lib_a-errno.o)
 .ARM.attributes
                0x000000000000041b       0x34 c:/users/nicol/desktop/enseapp/stm32cubeide_1.8.0/stm32cubeide/plugins/com.st.stm32cube.ide.mcu.externaltools.gnu-tools-for-stm32.10.3-2021.10.win32_1.0.200.202301161003/tools/bin/../lib/gcc/arm-none-eabi/10.3.1/../../../../arm-none-eabi/lib/thumb/v7e-m+fp/hard\libc_nano.a(lib_a-impure.o)
 .ARM.attributes
                0x000000000000044f       0x34 c:/users/nicol/desktop/enseapp/stm32cubeide_1.8.0/stm32cubeide/plugins/com.st.stm32cube.ide.mcu.externaltools.gnu-tools-for-stm32.10.3-2021.10.win32_1.0.200.202301161003/tools/bin/../lib/gcc/arm-none-eabi/10.3.1/../../../../arm-none-eabi/lib/thumb/v7e-m+fp/hard\libc_nano.a(lib_a-init.o)
 .ARM.attributes
                0x0000000000000483       0x34 c:/users/nicol/desktop/enseapp/stm32cubeide_1.8.0/stm32cubeide/plugins/com.st.stm32cube.ide.mcu.externaltools.gnu-tools-for-stm32.10.3-2021.10.win32_1.0.200.202301161003/tools/bin/../lib/gcc/arm-none-eabi/10.3.1/../../../../arm-none-eabi/lib/thumb/v7e-m+fp/hard\libc_nano.a(lib_a-memcpy-stub.o)
 .ARM.attributes
                0x00000000000004b7       0x34 c:/users/nicol/desktop/enseapp/stm32cubeide_1.8.0/stm32cubeide/plugins/com.st.stm32cube.ide.mcu.externaltools.gnu-tools-for-stm32.10.3-2021.10.win32_1.0.200.202301161003/tools/bin/../lib/gcc/arm-none-eabi/10.3.1/../../../../arm-none-eabi/lib/thumb/v7e-m+fp/hard\libc_nano.a(lib_a-memset.o)
 .ARM.attributes
                0x00000000000004eb       0x34 c:/users/nicol/desktop/enseapp/stm32cubeide_1.8.0/stm32cubeide/plugins/com.st.stm32cube.ide.mcu.externaltools.gnu-tools-for-stm32.10.3-2021.10.win32_1.0.200.202301161003/tools/bin/../lib/gcc/arm-none-eabi/10.3.1/../../../../arm-none-eabi/lib/thumb/v7e-m+fp/hard\libc_nano.a(lib_a-printf.o)
 .ARM.attributes
                0x000000000000051f       0x34 c:/users/nicol/desktop/enseapp/stm32cubeide_1.8.0/stm32cubeide/plugins/com.st.stm32cube.ide.mcu.externaltools.gnu-tools-for-stm32.10.3-2021.10.win32_1.0.200.202301161003/tools/bin/../lib/gcc/arm-none-eabi/10.3.1/../../../../arm-none-eabi/lib/thumb/v7e-m+fp/hard\libc_nano.a(lib_a-strcpy.o)
 .ARM.attributes
                0x0000000000000553       0x34 c:/users/nicol/desktop/enseapp/stm32cubeide_1.8.0/stm32cubeide/plugins/com.st.stm32cube.ide.mcu.externaltools.gnu-tools-for-stm32.10.3-2021.10.win32_1.0.200.202301161003/tools/bin/../lib/gcc/arm-none-eabi/10.3.1/../../../../arm-none-eabi/lib/thumb/v7e-m+fp/hard\libc_nano.a(lib_a-findfp.o)
 .ARM.attributes
                0x0000000000000587       0x34 c:/users/nicol/desktop/enseapp/stm32cubeide_1.8.0/stm32cubeide/plugins/com.st.stm32cube.ide.mcu.externaltools.gnu-tools-for-stm32.10.3-2021.10.win32_1.0.200.202301161003/tools/bin/../lib/gcc/arm-none-eabi/10.3.1/../../../../arm-none-eabi/lib/thumb/v7e-m+fp/hard\libc_nano.a(lib_a-fwalk.o)
 .ARM.attributes
                0x00000000000005bb       0x34 c:/users/nicol/desktop/enseapp/stm32cubeide_1.8.0/stm32cubeide/plugins/com.st.stm32cube.ide.mcu.externaltools.gnu-tools-for-stm32.10.3-2021.10.win32_1.0.200.202301161003/tools/bin/../lib/gcc/arm-none-eabi/10.3.1/../../../../arm-none-eabi/lib/thumb/v7e-m+fp/hard\libc_nano.a(lib_a-lock.o)
 .ARM.attributes
                0x00000000000005ef       0x34 c:/users/nicol/desktop/enseapp/stm32cubeide_1.8.0/stm32cubeide/plugins/com.st.stm32cube.ide.mcu.externaltools.gnu-tools-for-stm32.10.3-2021.10.win32_1.0.200.202301161003/tools/bin/../lib/gcc/arm-none-eabi/10.3.1/../../../../arm-none-eabi/lib/thumb/v7e-m+fp/hard\libc_nano.a(lib_a-nano-mallocr.o)
 .ARM.attributes
                0x0000000000000623       0x34 c:/users/nicol/desktop/enseapp/stm32cubeide_1.8.0/stm32cubeide/plugins/com.st.stm32cube.ide.mcu.externaltools.gnu-tools-for-stm32.10.3-2021.10.win32_1.0.200.202301161003/tools/bin/../lib/gcc/arm-none-eabi/10.3.1/../../../../arm-none-eabi/lib/thumb/v7e-m+fp/hard\libc_nano.a(lib_a-nano-vfprintf.o)
 .ARM.attributes
                0x0000000000000657       0x34 c:/users/nicol/desktop/enseapp/stm32cubeide_1.8.0/stm32cubeide/plugins/com.st.stm32cube.ide.mcu.externaltools.gnu-tools-for-stm32.10.3-2021.10.win32_1.0.200.202301161003/tools/bin/../lib/gcc/arm-none-eabi/10.3.1/../../../../arm-none-eabi/lib/thumb/v7e-m+fp/hard\libc_nano.a(lib_a-nano-vfprintf_i.o)
 .ARM.attributes
                0x000000000000068b       0x34 c:/users/nicol/desktop/enseapp/stm32cubeide_1.8.0/stm32cubeide/plugins/com.st.stm32cube.ide.mcu.externaltools.gnu-tools-for-stm32.10.3-2021.10.win32_1.0.200.202301161003/tools/bin/../lib/gcc/arm-none-eabi/10.3.1/../../../../arm-none-eabi/lib/thumb/v7e-m+fp/hard\libc_nano.a(lib_a-sbrkr.o)
 .ARM.attributes
                0x00000000000006bf       0x34 c:/users/nicol/desktop/enseapp/stm32cubeide_1.8.0/stm32cubeide/plugins/com.st.stm32cube.ide.mcu.externaltools.gnu-tools-for-stm32.10.3-2021.10.win32_1.0.200.202301161003/tools/bin/../lib/gcc/arm-none-eabi/10.3.1/../../../../arm-none-eabi/lib/thumb/v7e-m+fp/hard\libc_nano.a(lib_a-stdio.o)
 .ARM.attributes
                0x00000000000006f3       0x34 c:/users/nicol/desktop/enseapp/stm32cubeide_1.8.0/stm32cubeide/plugins/com.st.stm32cube.ide.mcu.externaltools.gnu-tools-for-stm32.10.3-2021.10.win32_1.0.200.202301161003/tools/bin/../lib/gcc/arm-none-eabi/10.3.1/../../../../arm-none-eabi/lib/thumb/v7e-m+fp/hard\libc_nano.a(lib_a-wbuf.o)
 .ARM.attributes
                0x0000000000000727       0x34 c:/users/nicol/desktop/enseapp/stm32cubeide_1.8.0/stm32cubeide/plugins/com.st.stm32cube.ide.mcu.externaltools.gnu-tools-for-stm32.10.3-2021.10.win32_1.0.200.202301161003/tools/bin/../lib/gcc/arm-none-eabi/10.3.1/../../../../arm-none-eabi/lib/thumb/v7e-m+fp/hard\libc_nano.a(lib_a-writer.o)
 .ARM.attributes
                0x000000000000075b       0x34 c:/users/nicol/desktop/enseapp/stm32cubeide_1.8.0/stm32cubeide/plugins/com.st.stm32cube.ide.mcu.externaltools.gnu-tools-for-stm32.10.3-2021.10.win32_1.0.200.202301161003/tools/bin/../lib/gcc/arm-none-eabi/10.3.1/../../../../arm-none-eabi/lib/thumb/v7e-m+fp/hard\libc_nano.a(lib_a-wsetup.o)
 .ARM.attributes
                0x000000000000078f       0x34 c:/users/nicol/desktop/enseapp/stm32cubeide_1.8.0/stm32cubeide/plugins/com.st.stm32cube.ide.mcu.externaltools.gnu-tools-for-stm32.10.3-2021.10.win32_1.0.200.202301161003/tools/bin/../lib/gcc/arm-none-eabi/10.3.1/../../../../arm-none-eabi/lib/thumb/v7e-m+fp/hard\libc_nano.a(lib_a-closer.o)
 .ARM.attributes
                0x00000000000007c3       0x34 c:/users/nicol/desktop/enseapp/stm32cubeide_1.8.0/stm32cubeide/plugins/com.st.stm32cube.ide.mcu.externaltools.gnu-tools-for-stm32.10.3-2021.10.win32_1.0.200.202301161003/tools/bin/../lib/gcc/arm-none-eabi/10.3.1/../../../../arm-none-eabi/lib/thumb/v7e-m+fp/hard\libc_nano.a(lib_a-fflush.o)
 .ARM.attributes
                0x00000000000007f7       0x34 c:/users/nicol/desktop/enseapp/stm32cubeide_1.8.0/stm32cubeide/plugins/com.st.stm32cube.ide.mcu.externaltools.gnu-tools-for-stm32.10.3-2021.10.win32_1.0.200.202301161003/tools/bin/../lib/gcc/arm-none-eabi/10.3.1/../../../../arm-none-eabi/lib/thumb/v7e-m+fp/hard\libc_nano.a(lib_a-lseekr.o)
 .ARM.attributes
                0x000000000000082b       0x34 c:/users/nicol/desktop/enseapp/stm32cubeide_1.8.0/stm32cubeide/plugins/com.st.stm32cube.ide.mcu.externaltools.gnu-tools-for-stm32.10.3-2021.10.win32_1.0.200.202301161003/tools/bin/../lib/gcc/arm-none-eabi/10.3.1/../../../../arm-none-eabi/lib/thumb/v7e-m+fp/hard\libc_nano.a(lib_a-makebuf.o)
 .ARM.attributes
                0x000000000000085f       0x1c c:/users/nicol/desktop/enseapp/stm32cubeide_1.8.0/stm32cubeide/plugins/com.st.stm32cube.ide.mcu.externaltools.gnu-tools-for-stm32.10.3-2021.10.win32_1.0.200.202301161003/tools/bin/../lib/gcc/arm-none-eabi/10.3.1/../../../../arm-none-eabi/lib/thumb/v7e-m+fp/hard\libc_nano.a(lib_a-memchr.o)
 .ARM.attributes
                0x000000000000087b       0x34 c:/users/nicol/desktop/enseapp/stm32cubeide_1.8.0/stm32cubeide/plugins/com.st.stm32cube.ide.mcu.externaltools.gnu-tools-for-stm32.10.3-2021.10.win32_1.0.200.202301161003/tools/bin/../lib/gcc/arm-none-eabi/10.3.1/../../../../arm-none-eabi/lib/thumb/v7e-m+fp/hard\libc_nano.a(lib_a-mlock.o)
 .ARM.attributes
                0x00000000000008af       0x34 c:/users/nicol/desktop/enseapp/stm32cubeide_1.8.0/stm32cubeide/plugins/com.st.stm32cube.ide.mcu.externaltools.gnu-tools-for-stm32.10.3-2021.10.win32_1.0.200.202301161003/tools/bin/../lib/gcc/arm-none-eabi/10.3.1/../../../../arm-none-eabi/lib/thumb/v7e-m+fp/hard\libc_nano.a(lib_a-nano-freer.o)
 .ARM.attributes
                0x00000000000008e3       0x34 c:/users/nicol/desktop/enseapp/stm32cubeide_1.8.0/stm32cubeide/plugins/com.st.stm32cube.ide.mcu.externaltools.gnu-tools-for-stm32.10.3-2021.10.win32_1.0.200.202301161003/tools/bin/../lib/gcc/arm-none-eabi/10.3.1/../../../../arm-none-eabi/lib/thumb/v7e-m+fp/hard\libc_nano.a(lib_a-readr.o)
 .ARM.attributes
                0x0000000000000917       0x34 c:/users/nicol/desktop/enseapp/stm32cubeide_1.8.0/stm32cubeide/plugins/com.st.stm32cube.ide.mcu.externaltools.gnu-tools-for-stm32.10.3-2021.10.win32_1.0.200.202301161003/tools/bin/../lib/gcc/arm-none-eabi/10.3.1/../../../../arm-none-eabi/lib/thumb/v7e-m+fp/hard\libc_nano.a(lib_a-reent.o)
 .ARM.attributes
                0x000000000000094b       0x34 c:/users/nicol/desktop/enseapp/stm32cubeide_1.8.0/stm32cubeide/plugins/com.st.stm32cube.ide.mcu.externaltools.gnu-tools-for-stm32.10.3-2021.10.win32_1.0.200.202301161003/tools/bin/../lib/gcc/arm-none-eabi/10.3.1/../../../../arm-none-eabi/lib/thumb/v7e-m+fp/hard\libc_nano.a(lib_a-fstatr.o)
 .ARM.attributes
                0x000000000000097f       0x34 c:/users/nicol/desktop/enseapp/stm32cubeide_1.8.0/stm32cubeide/plugins/com.st.stm32cube.ide.mcu.externaltools.gnu-tools-for-stm32.10.3-2021.10.win32_1.0.200.202301161003/tools/bin/../lib/gcc/arm-none-eabi/10.3.1/../../../../arm-none-eabi/lib/thumb/v7e-m+fp/hard\libc_nano.a(lib_a-isattyr.o)
 .ARM.attributes
                0x00000000000009b3       0x1e c:/users/nicol/desktop/enseapp/stm32cubeide_1.8.0/stm32cubeide/plugins/com.st.stm32cube.ide.mcu.externaltools.gnu-tools-for-stm32.10.3-2021.10.win32_1.0.200.202301161003/tools/bin/../lib/gcc/arm-none-eabi/10.3.1/thumb/v7e-m+fp/hard\libgcc.a(_aeabi_uldivmod.o)
 .ARM.attributes
                0x00000000000009d1       0x34 c:/users/nicol/desktop/enseapp/stm32cubeide_1.8.0/stm32cubeide/plugins/com.st.stm32cube.ide.mcu.externaltools.gnu-tools-for-stm32.10.3-2021.10.win32_1.0.200.202301161003/tools/bin/../lib/gcc/arm-none-eabi/10.3.1/thumb/v7e-m+fp/hard\libgcc.a(_udivmoddi4.o)
 .ARM.attributes
                0x0000000000000a05       0x1e c:/users/nicol/desktop/enseapp/stm32cubeide_1.8.0/stm32cubeide/plugins/com.st.stm32cube.ide.mcu.externaltools.gnu-tools-for-stm32.10.3-2021.10.win32_1.0.200.202301161003/tools/bin/../lib/gcc/arm-none-eabi/10.3.1/thumb/v7e-m+fp/hard\libgcc.a(_dvmd_tls.o)
 .ARM.attributes
                0x0000000000000a23       0x1e c:/users/nicol/desktop/enseapp/stm32cubeide_1.8.0/stm32cubeide/plugins/com.st.stm32cube.ide.mcu.externaltools.gnu-tools-for-stm32.10.3-2021.10.win32_1.0.200.202301161003/tools/bin/../lib/gcc/arm-none-eabi/10.3.1/thumb/v7e-m+fp/hard/crtn.o
OUTPUT(TOF VL53L0X.elf elf32-littlearm)
LOAD linker stubs
LOAD c:/users/nicol/desktop/enseapp/stm32cubeide_1.8.0/stm32cubeide/plugins/com.st.stm32cube.ide.mcu.externaltools.gnu-tools-for-stm32.10.3-2021.10.win32_1.0.200.202301161003/tools/bin/../lib/gcc/arm-none-eabi/10.3.1/../../../../arm-none-eabi/lib/thumb/v7e-m+fp/hard\libc.a
LOAD c:/users/nicol/desktop/enseapp/stm32cubeide_1.8.0/stm32cubeide/plugins/com.st.stm32cube.ide.mcu.externaltools.gnu-tools-for-stm32.10.3-2021.10.win32_1.0.200.202301161003/tools/bin/../lib/gcc/arm-none-eabi/10.3.1/../../../../arm-none-eabi/lib/thumb/v7e-m+fp/hard\libm.a
LOAD c:/users/nicol/desktop/enseapp/stm32cubeide_1.8.0/stm32cubeide/plugins/com.st.stm32cube.ide.mcu.externaltools.gnu-tools-for-stm32.10.3-2021.10.win32_1.0.200.202301161003/tools/bin/../lib/gcc/arm-none-eabi/10.3.1/thumb/v7e-m+fp/hard\libgcc.a

.debug_info     0x0000000000000000    0x125b4
 .debug_info    0x0000000000000000     0x14da ./Core/Src/main.o
 .debug_info    0x00000000000014da      0xa32 ./Core/Src/stm32f4xx_hal_msp.o
 .debug_info    0x0000000000001f0c      0x121 ./Core/Src/stm32f4xx_it.o
 .debug_info    0x000000000000202d      0x6e0 ./Core/Src/syscalls.o
 .debug_info    0x000000000000270d      0x171 ./Core/Src/sysmem.o
 .debug_info    0x000000000000287e      0x55b ./Core/Src/system_stm32f4xx.o
 .debug_info    0x0000000000002dd9     0x1127 ./Core/Src/tof.o
 .debug_info    0x0000000000003f00       0x22 ./Core/Startup/startup_stm32f446retx.o
 .debug_info    0x0000000000003f22      0x9d2 ./Drivers/STM32F4xx_HAL_Driver/Src/stm32f4xx_hal.o
 .debug_info    0x00000000000048f4      0xe39 ./Drivers/STM32F4xx_HAL_Driver/Src/stm32f4xx_hal_cortex.o
 .debug_info    0x000000000000572d      0x7be ./Drivers/STM32F4xx_HAL_Driver/Src/stm32f4xx_hal_gpio.o
 .debug_info    0x0000000000005eeb     0x2617 ./Drivers/STM32F4xx_HAL_Driver/Src/stm32f4xx_hal_i2c.o
 .debug_info    0x0000000000008502      0x9ab ./Drivers/STM32F4xx_HAL_Driver/Src/stm32f4xx_hal_rcc.o
 .debug_info    0x0000000000008ead      0x9ec ./Drivers/STM32F4xx_HAL_Driver/Src/stm32f4xx_hal_rcc_ex.o
 .debug_info    0x0000000000009899     0x3857 ./Drivers/VL53L0X/core/src/vl53l0x_api.o
 .debug_info    0x000000000000d0f0     0x1e7e ./Drivers/VL53L0X/core/src/vl53l0x_api_calibration.o
 .debug_info    0x000000000000ef6e     0x2370 ./Drivers/VL53L0X/core/src/vl53l0x_api_core.o
 .debug_info    0x00000000000112de     0x12d6 ./Drivers/VL53L0X/platform/src/vl53l0x_platform.o

.debug_abbrev   0x0000000000000000     0x229f
 .debug_abbrev  0x0000000000000000      0x2bd ./Core/Src/main.o
 .debug_abbrev  0x00000000000002bd      0x1a9 ./Core/Src/stm32f4xx_hal_msp.o
 .debug_abbrev  0x0000000000000466       0x74 ./Core/Src/stm32f4xx_it.o
 .debug_abbrev  0x00000000000004da      0x1b3 ./Core/Src/syscalls.o
 .debug_abbrev  0x000000000000068d       0xbb ./Core/Src/sysmem.o
 .debug_abbrev  0x0000000000000748      0x116 ./Core/Src/system_stm32f4xx.o
 .debug_abbrev  0x000000000000085e      0x219 ./Core/Src/tof.o
 .debug_abbrev  0x0000000000000a77       0x12 ./Core/Startup/startup_stm32f446retx.o
 .debug_abbrev  0x0000000000000a89      0x20d ./Drivers/STM32F4xx_HAL_Driver/Src/stm32f4xx_hal.o
 .debug_abbrev  0x0000000000000c96      0x316 ./Drivers/STM32F4xx_HAL_Driver/Src/stm32f4xx_hal_cortex.o
 .debug_abbrev  0x0000000000000fac      0x1c4 ./Drivers/STM32F4xx_HAL_Driver/Src/stm32f4xx_hal_gpio.o
 .debug_abbrev  0x0000000000001170      0x297 ./Drivers/STM32F4xx_HAL_Driver/Src/stm32f4xx_hal_i2c.o
 .debug_abbrev  0x0000000000001407      0x2aa ./Drivers/STM32F4xx_HAL_Driver/Src/stm32f4xx_hal_rcc.o
 .debug_abbrev  0x00000000000016b1      0x1fb ./Drivers/STM32F4xx_HAL_Driver/Src/stm32f4xx_hal_rcc_ex.o
 .debug_abbrev  0x00000000000018ac      0x298 ./Drivers/VL53L0X/core/src/vl53l0x_api.o